Component: ARM Compiler 5.06 update 7 (build 960) Tool: armlink [4d3601]

==============================================================================

Section Cross References

    main.o(.text) refers to printfa.o(i.__0printf) for __2printf
    main.o(.text) refers to ffltui.o(.text) for __aeabi_ui2f
    main.o(.text) refers to fdiv.o(.text) for __aeabi_fdiv
    main.o(.text) refers to f2d.o(.text) for __aeabi_f2d
    main.o(.text) refers to air32f10x_rcc.o(.text) for RCC_APB2PeriphClockCmd
    main.o(.text) refers to air32f10x_gpio.o(.text) for GPIO_Init
    main.o(.text) refers to delay.o(.text) for Delay_Init
    main.o(.text) refers to uart1.o(.text) for UART1_Configuration
    main.o(.text) refers to tim3.o(.text) for TIM3_Configuration
    main.o(.text) refers to step_motor.o(.text) for STEP_MOTOR_Init
    main.o(.text) refers to main.o(.bss) for clocks
    main.o(.text) refers to main.o(.conststring) for .conststring
    system_air32f10x.o(.text) refers to system_air32f10x.o(.data) for SystemCoreClock
    delay.o(.text) refers to air32f10x_rcc.o(.text) for RCC_GetClocksFreq
    delay.o(.text) refers to misc.o(.text) for SysTick_CLKSourceConfig
    delay.o(.text) refers to delay.o(.data) for UsNumber
    startup_air32f10x.o(RESET) refers to startup_air32f10x.o(STACK) for __initial_sp
    startup_air32f10x.o(RESET) refers to startup_air32f10x.o(.text) for Reset_Handler
    startup_air32f10x.o(RESET) refers to air32f10x_it.o(.text) for NMI_Handler
    startup_air32f10x.o(RESET) refers to tim3.o(.text) for TIM3_IRQHandler
    startup_air32f10x.o(.text) refers to system_air32f10x.o(.text) for SystemInit
    startup_air32f10x.o(.text) refers to entry.o(.ARM.Collect$$$$00000000) for __main
    air32f10x_adc.o(.text) refers to air32f10x_rcc.o(.text) for RCC_APB2PeriphResetCmd
    air32f10x_bkp.o(.text) refers to air32f10x_rcc.o(.text) for RCC_BackupResetCmd
    air32f10x_dac.o(.text) refers to air32f10x_rcc.o(.text) for RCC_APB1PeriphResetCmd
    air32f10x_flash.o(.text) refers to air32f10x_flash.o(.emb_text) for SetStrt
    air32f10x_gpio.o(.text) refers to air32f10x_rcc.o(.text) for RCC_APB2PeriphResetCmd
    air32f10x_i2c.o(.text) refers to air32f10x_rcc.o(.text) for RCC_APB1PeriphResetCmd
    air32f10x_rcc.o(.text) refers to air32f10x_rcc.o(.data) for APBAHBPrescTable
    air32f10x_spi.o(.text) refers to air32f10x_rcc.o(.text) for RCC_APB2PeriphResetCmd
    air32f10x_tim.o(.text) refers to air32f10x_rcc.o(.text) for RCC_APB2PeriphResetCmd
    air32f10x_usart.o(.text) refers to air32f10x_rcc.o(.text) for RCC_APB2PeriphResetCmd
    air32f10x_wwdg.o(.text) refers to air32f10x_rcc.o(.text) for RCC_APB1PeriphResetCmd
    step_motor.o(.text) refers to air32f10x_rcc.o(.text) for RCC_APB2PeriphClockCmd
    step_motor.o(.text) refers to air32f10x_gpio.o(.text) for GPIO_Init
    step_motor.o(.text) refers to delay.o(.text) for Delay_Ms
    step_motor.o(.text) refers to step_motor.o(.data) for STEP
    tim3.o(.text) refers to air32f10x_rcc.o(.text) for RCC_APB1PeriphClockCmd
    tim3.o(.text) refers to air32f10x_tim.o(.text) for TIM_TimeBaseInit
    tim3.o(.text) refers to misc.o(.text) for NVIC_Init
    tim3.o(.text) refers to printfa.o(i.__0printf) for __2printf
    tim3.o(.text) refers to tim3.o(.constdata) for __FUNCTION__
    uart1.o(.text) refers to air32f10x_rcc.o(.text) for RCC_APB2PeriphClockCmd
    uart1.o(.text) refers to air32f10x_gpio.o(.text) for GPIO_Init
    uart1.o(.text) refers to air32f10x_usart.o(.text) for USART_Init
    uart1.o(.text) refers to uart1.o(.data) for USART_TEST
    entry.o(.ARM.Collect$$$$00000000) refers (Special) to entry10a.o(.ARM.Collect$$$$0000000F) for __rt_final_cpp
    entry.o(.ARM.Collect$$$$00000000) refers (Special) to entry11a.o(.ARM.Collect$$$$00000011) for __rt_final_exit
    entry.o(.ARM.Collect$$$$00000000) refers (Special) to entry12b.o(.ARM.Collect$$$$0000000E) for __rt_lib_shutdown_fini
    entry.o(.ARM.Collect$$$$00000000) refers (Special) to entry7b.o(.ARM.Collect$$$$00000008) for _main_clock
    entry.o(.ARM.Collect$$$$00000000) refers (Special) to entry8b.o(.ARM.Collect$$$$0000000A) for _main_cpp_init
    entry.o(.ARM.Collect$$$$00000000) refers (Special) to entry9a.o(.ARM.Collect$$$$0000000B) for _main_init
    entry.o(.ARM.Collect$$$$00000000) refers (Special) to entry5.o(.ARM.Collect$$$$00000004) for _main_scatterload
    entry.o(.ARM.Collect$$$$00000000) refers (Special) to entry2.o(.ARM.Collect$$$$00000001) for _main_stk
    printfb.o(i.__0fprintf$bare) refers to printfb.o(i._printf_core) for _printf_core
    printfb.o(i.__0fprintf$bare) refers to uart1.o(.text) for fputc
    printfb.o(i.__0printf$bare) refers to printfb.o(i._printf_core) for _printf_core
    printfb.o(i.__0printf$bare) refers to uart1.o(.text) for fputc
    printfb.o(i.__0printf$bare) refers to stdout.o(.data) for __stdout
    printfb.o(i.__0snprintf$bare) refers to printfb.o(i._printf_core) for _printf_core
    printfb.o(i.__0snprintf$bare) refers to printfb.o(i._snputc) for _snputc
    printfb.o(i.__0sprintf$bare) refers to printfb.o(i._printf_core) for _printf_core
    printfb.o(i.__0sprintf$bare) refers to printfb.o(i._sputc) for _sputc
    printfb.o(i.__0vfprintf$bare) refers to printfb.o(i._printf_core) for _printf_core
    printfb.o(i.__0vfprintf$bare) refers to uart1.o(.text) for fputc
    printfb.o(i.__0vprintf$bare) refers to printfb.o(i._printf_core) for _printf_core
    printfb.o(i.__0vprintf$bare) refers to uart1.o(.text) for fputc
    printfb.o(i.__0vprintf$bare) refers to stdout.o(.data) for __stdout
    printfb.o(i.__0vsnprintf$bare) refers to printfb.o(i._printf_core) for _printf_core
    printfb.o(i.__0vsnprintf$bare) refers to printfb.o(i._snputc) for _snputc
    printfb.o(i.__0vsprintf$bare) refers to printfb.o(i._printf_core) for _printf_core
    printfb.o(i.__0vsprintf$bare) refers to printfb.o(i._sputc) for _sputc
    printf0.o(i.__0fprintf$0) refers to printf0.o(i._printf_core) for _printf_core
    printf0.o(i.__0fprintf$0) refers to uart1.o(.text) for fputc
    printf0.o(i.__0printf$0) refers to printf0.o(i._printf_core) for _printf_core
    printf0.o(i.__0printf$0) refers to uart1.o(.text) for fputc
    printf0.o(i.__0printf$0) refers to stdout.o(.data) for __stdout
    printf0.o(i.__0snprintf$0) refers to printf0.o(i._printf_core) for _printf_core
    printf0.o(i.__0snprintf$0) refers to printf0.o(i._snputc) for _snputc
    printf0.o(i.__0sprintf$0) refers to printf0.o(i._printf_core) for _printf_core
    printf0.o(i.__0sprintf$0) refers to printf0.o(i._sputc) for _sputc
    printf0.o(i.__0vfprintf$0) refers to printf0.o(i._printf_core) for _printf_core
    printf0.o(i.__0vfprintf$0) refers to uart1.o(.text) for fputc
    printf0.o(i.__0vprintf$0) refers to printf0.o(i._printf_core) for _printf_core
    printf0.o(i.__0vprintf$0) refers to uart1.o(.text) for fputc
    printf0.o(i.__0vprintf$0) refers to stdout.o(.data) for __stdout
    printf0.o(i.__0vsnprintf$0) refers to printf0.o(i._printf_core) for _printf_core
    printf0.o(i.__0vsnprintf$0) refers to printf0.o(i._snputc) for _snputc
    printf0.o(i.__0vsprintf$0) refers to printf0.o(i._printf_core) for _printf_core
    printf0.o(i.__0vsprintf$0) refers to printf0.o(i._sputc) for _sputc
    printf1.o(i.__0fprintf$1) refers to printf1.o(i._printf_core) for _printf_core
    printf1.o(i.__0fprintf$1) refers to uart1.o(.text) for fputc
    printf1.o(i.__0printf$1) refers to printf1.o(i._printf_core) for _printf_core
    printf1.o(i.__0printf$1) refers to uart1.o(.text) for fputc
    printf1.o(i.__0printf$1) refers to stdout.o(.data) for __stdout
    printf1.o(i.__0snprintf$1) refers to printf1.o(i._printf_core) for _printf_core
    printf1.o(i.__0snprintf$1) refers to printf1.o(i._snputc) for _snputc
    printf1.o(i.__0sprintf$1) refers to printf1.o(i._printf_core) for _printf_core
    printf1.o(i.__0sprintf$1) refers to printf1.o(i._sputc) for _sputc
    printf1.o(i.__0vfprintf$1) refers to printf1.o(i._printf_core) for _printf_core
    printf1.o(i.__0vfprintf$1) refers to uart1.o(.text) for fputc
    printf1.o(i.__0vprintf$1) refers to printf1.o(i._printf_core) for _printf_core
    printf1.o(i.__0vprintf$1) refers to uart1.o(.text) for fputc
    printf1.o(i.__0vprintf$1) refers to stdout.o(.data) for __stdout
    printf1.o(i.__0vsnprintf$1) refers to printf1.o(i._printf_core) for _printf_core
    printf1.o(i.__0vsnprintf$1) refers to printf1.o(i._snputc) for _snputc
    printf1.o(i.__0vsprintf$1) refers to printf1.o(i._printf_core) for _printf_core
    printf1.o(i.__0vsprintf$1) refers to printf1.o(i._sputc) for _sputc
    printf1.o(i._printf_core) refers to uidiv.o(.text) for __aeabi_uidivmod
    printf2.o(i.__0fprintf$2) refers to printf2.o(i._printf_core) for _printf_core
    printf2.o(i.__0fprintf$2) refers to uart1.o(.text) for fputc
    printf2.o(i.__0printf$2) refers to printf2.o(i._printf_core) for _printf_core
    printf2.o(i.__0printf$2) refers to uart1.o(.text) for fputc
    printf2.o(i.__0printf$2) refers to stdout.o(.data) for __stdout
    printf2.o(i.__0snprintf$2) refers to printf2.o(i._printf_core) for _printf_core
    printf2.o(i.__0snprintf$2) refers to printf2.o(i._snputc) for _snputc
    printf2.o(i.__0sprintf$2) refers to printf2.o(i._printf_core) for _printf_core
    printf2.o(i.__0sprintf$2) refers to printf2.o(i._sputc) for _sputc
    printf2.o(i.__0vfprintf$2) refers to printf2.o(i._printf_core) for _printf_core
    printf2.o(i.__0vfprintf$2) refers to uart1.o(.text) for fputc
    printf2.o(i.__0vprintf$2) refers to printf2.o(i._printf_core) for _printf_core
    printf2.o(i.__0vprintf$2) refers to uart1.o(.text) for fputc
    printf2.o(i.__0vprintf$2) refers to stdout.o(.data) for __stdout
    printf2.o(i.__0vsnprintf$2) refers to printf2.o(i._printf_core) for _printf_core
    printf2.o(i.__0vsnprintf$2) refers to printf2.o(i._snputc) for _snputc
    printf2.o(i.__0vsprintf$2) refers to printf2.o(i._printf_core) for _printf_core
    printf2.o(i.__0vsprintf$2) refers to printf2.o(i._sputc) for _sputc
    printf3.o(i.__0fprintf$3) refers to printf3.o(i._printf_core) for _printf_core
    printf3.o(i.__0fprintf$3) refers to uart1.o(.text) for fputc
    printf3.o(i.__0printf$3) refers to printf3.o(i._printf_core) for _printf_core
    printf3.o(i.__0printf$3) refers to uart1.o(.text) for fputc
    printf3.o(i.__0printf$3) refers to stdout.o(.data) for __stdout
    printf3.o(i.__0snprintf$3) refers to printf3.o(i._printf_core) for _printf_core
    printf3.o(i.__0snprintf$3) refers to printf3.o(i._snputc) for _snputc
    printf3.o(i.__0sprintf$3) refers to printf3.o(i._printf_core) for _printf_core
    printf3.o(i.__0sprintf$3) refers to printf3.o(i._sputc) for _sputc
    printf3.o(i.__0vfprintf$3) refers to printf3.o(i._printf_core) for _printf_core
    printf3.o(i.__0vfprintf$3) refers to uart1.o(.text) for fputc
    printf3.o(i.__0vprintf$3) refers to printf3.o(i._printf_core) for _printf_core
    printf3.o(i.__0vprintf$3) refers to uart1.o(.text) for fputc
    printf3.o(i.__0vprintf$3) refers to stdout.o(.data) for __stdout
    printf3.o(i.__0vsnprintf$3) refers to printf3.o(i._printf_core) for _printf_core
    printf3.o(i.__0vsnprintf$3) refers to printf3.o(i._snputc) for _snputc
    printf3.o(i.__0vsprintf$3) refers to printf3.o(i._printf_core) for _printf_core
    printf3.o(i.__0vsprintf$3) refers to printf3.o(i._sputc) for _sputc
    printf3.o(i._printf_core) refers to uidiv.o(.text) for __aeabi_uidivmod
    printf4.o(i.__0fprintf$4) refers to printf4.o(i._printf_core) for _printf_core
    printf4.o(i.__0fprintf$4) refers to uart1.o(.text) for fputc
    printf4.o(i.__0printf$4) refers to printf4.o(i._printf_core) for _printf_core
    printf4.o(i.__0printf$4) refers to uart1.o(.text) for fputc
    printf4.o(i.__0printf$4) refers to stdout.o(.data) for __stdout
    printf4.o(i.__0snprintf$4) refers to printf4.o(i._printf_core) for _printf_core
    printf4.o(i.__0snprintf$4) refers to printf4.o(i._snputc) for _snputc
    printf4.o(i.__0sprintf$4) refers to printf4.o(i._printf_core) for _printf_core
    printf4.o(i.__0sprintf$4) refers to printf4.o(i._sputc) for _sputc
    printf4.o(i.__0vfprintf$4) refers to printf4.o(i._printf_core) for _printf_core
    printf4.o(i.__0vfprintf$4) refers to uart1.o(.text) for fputc
    printf4.o(i.__0vprintf$4) refers to printf4.o(i._printf_core) for _printf_core
    printf4.o(i.__0vprintf$4) refers to uart1.o(.text) for fputc
    printf4.o(i.__0vprintf$4) refers to stdout.o(.data) for __stdout
    printf4.o(i.__0vsnprintf$4) refers to printf4.o(i._printf_core) for _printf_core
    printf4.o(i.__0vsnprintf$4) refers to printf4.o(i._snputc) for _snputc
    printf4.o(i.__0vsprintf$4) refers to printf4.o(i._printf_core) for _printf_core
    printf4.o(i.__0vsprintf$4) refers to printf4.o(i._sputc) for _sputc
    printf4.o(i._printf_core) refers to uldiv.o(.text) for __aeabi_uldivmod
    printf5.o(i.__0fprintf$5) refers to printf5.o(i._printf_core) for _printf_core
    printf5.o(i.__0fprintf$5) refers to uart1.o(.text) for fputc
    printf5.o(i.__0printf$5) refers to printf5.o(i._printf_core) for _printf_core
    printf5.o(i.__0printf$5) refers to uart1.o(.text) for fputc
    printf5.o(i.__0printf$5) refers to stdout.o(.data) for __stdout
    printf5.o(i.__0snprintf$5) refers to printf5.o(i._printf_core) for _printf_core
    printf5.o(i.__0snprintf$5) refers to printf5.o(i._snputc) for _snputc
    printf5.o(i.__0sprintf$5) refers to printf5.o(i._printf_core) for _printf_core
    printf5.o(i.__0sprintf$5) refers to printf5.o(i._sputc) for _sputc
    printf5.o(i.__0vfprintf$5) refers to printf5.o(i._printf_core) for _printf_core
    printf5.o(i.__0vfprintf$5) refers to uart1.o(.text) for fputc
    printf5.o(i.__0vprintf$5) refers to printf5.o(i._printf_core) for _printf_core
    printf5.o(i.__0vprintf$5) refers to uart1.o(.text) for fputc
    printf5.o(i.__0vprintf$5) refers to stdout.o(.data) for __stdout
    printf5.o(i.__0vsnprintf$5) refers to printf5.o(i._printf_core) for _printf_core
    printf5.o(i.__0vsnprintf$5) refers to printf5.o(i._snputc) for _snputc
    printf5.o(i.__0vsprintf$5) refers to printf5.o(i._printf_core) for _printf_core
    printf5.o(i.__0vsprintf$5) refers to printf5.o(i._sputc) for _sputc
    printf5.o(i._printf_core) refers to uldiv.o(.text) for __aeabi_uldivmod
    printf6.o(i.__0fprintf$6) refers to printf6.o(i._printf_core) for _printf_core
    printf6.o(i.__0fprintf$6) refers to uart1.o(.text) for fputc
    printf6.o(i.__0printf$6) refers to printf6.o(i._printf_core) for _printf_core
    printf6.o(i.__0printf$6) refers to uart1.o(.text) for fputc
    printf6.o(i.__0printf$6) refers to stdout.o(.data) for __stdout
    printf6.o(i.__0snprintf$6) refers to printf6.o(i._printf_core) for _printf_core
    printf6.o(i.__0snprintf$6) refers to printf6.o(i._snputc) for _snputc
    printf6.o(i.__0sprintf$6) refers to printf6.o(i._printf_core) for _printf_core
    printf6.o(i.__0sprintf$6) refers to printf6.o(i._sputc) for _sputc
    printf6.o(i.__0vfprintf$6) refers to printf6.o(i._printf_core) for _printf_core
    printf6.o(i.__0vfprintf$6) refers to uart1.o(.text) for fputc
    printf6.o(i.__0vprintf$6) refers to printf6.o(i._printf_core) for _printf_core
    printf6.o(i.__0vprintf$6) refers to uart1.o(.text) for fputc
    printf6.o(i.__0vprintf$6) refers to stdout.o(.data) for __stdout
    printf6.o(i.__0vsnprintf$6) refers to printf6.o(i._printf_core) for _printf_core
    printf6.o(i.__0vsnprintf$6) refers to printf6.o(i._snputc) for _snputc
    printf6.o(i.__0vsprintf$6) refers to printf6.o(i._printf_core) for _printf_core
    printf6.o(i.__0vsprintf$6) refers to printf6.o(i._sputc) for _sputc
    printf6.o(i._printf_core) refers to printf6.o(i._printf_pre_padding) for _printf_pre_padding
    printf6.o(i._printf_core) refers to uidiv.o(.text) for __aeabi_uidivmod
    printf6.o(i._printf_core) refers to printf6.o(i._printf_post_padding) for _printf_post_padding
    printf7.o(i.__0fprintf$7) refers to printf7.o(i._printf_core) for _printf_core
    printf7.o(i.__0fprintf$7) refers to uart1.o(.text) for fputc
    printf7.o(i.__0printf$7) refers to printf7.o(i._printf_core) for _printf_core
    printf7.o(i.__0printf$7) refers to uart1.o(.text) for fputc
    printf7.o(i.__0printf$7) refers to stdout.o(.data) for __stdout
    printf7.o(i.__0snprintf$7) refers to printf7.o(i._printf_core) for _printf_core
    printf7.o(i.__0snprintf$7) refers to printf7.o(i._snputc) for _snputc
    printf7.o(i.__0sprintf$7) refers to printf7.o(i._printf_core) for _printf_core
    printf7.o(i.__0sprintf$7) refers to printf7.o(i._sputc) for _sputc
    printf7.o(i.__0vfprintf$7) refers to printf7.o(i._printf_core) for _printf_core
    printf7.o(i.__0vfprintf$7) refers to uart1.o(.text) for fputc
    printf7.o(i.__0vprintf$7) refers to printf7.o(i._printf_core) for _printf_core
    printf7.o(i.__0vprintf$7) refers to uart1.o(.text) for fputc
    printf7.o(i.__0vprintf$7) refers to stdout.o(.data) for __stdout
    printf7.o(i.__0vsnprintf$7) refers to printf7.o(i._printf_core) for _printf_core
    printf7.o(i.__0vsnprintf$7) refers to printf7.o(i._snputc) for _snputc
    printf7.o(i.__0vsprintf$7) refers to printf7.o(i._printf_core) for _printf_core
    printf7.o(i.__0vsprintf$7) refers to printf7.o(i._sputc) for _sputc
    printf7.o(i._printf_core) refers to printf7.o(i._printf_pre_padding) for _printf_pre_padding
    printf7.o(i._printf_core) refers to uldiv.o(.text) for __aeabi_uldivmod
    printf7.o(i._printf_core) refers to printf7.o(i._printf_post_padding) for _printf_post_padding
    printf8.o(i.__0fprintf$8) refers to printf8.o(i._printf_core) for _printf_core
    printf8.o(i.__0fprintf$8) refers to uart1.o(.text) for fputc
    printf8.o(i.__0printf$8) refers to printf8.o(i._printf_core) for _printf_core
    printf8.o(i.__0printf$8) refers to uart1.o(.text) for fputc
    printf8.o(i.__0printf$8) refers to stdout.o(.data) for __stdout
    printf8.o(i.__0snprintf$8) refers to printf8.o(i._printf_core) for _printf_core
    printf8.o(i.__0snprintf$8) refers to printf8.o(i._snputc) for _snputc
    printf8.o(i.__0sprintf$8) refers to printf8.o(i._printf_core) for _printf_core
    printf8.o(i.__0sprintf$8) refers to printf8.o(i._sputc) for _sputc
    printf8.o(i.__0vfprintf$8) refers to printf8.o(i._printf_core) for _printf_core
    printf8.o(i.__0vfprintf$8) refers to uart1.o(.text) for fputc
    printf8.o(i.__0vprintf$8) refers to printf8.o(i._printf_core) for _printf_core
    printf8.o(i.__0vprintf$8) refers to uart1.o(.text) for fputc
    printf8.o(i.__0vprintf$8) refers to stdout.o(.data) for __stdout
    printf8.o(i.__0vsnprintf$8) refers to printf8.o(i._printf_core) for _printf_core
    printf8.o(i.__0vsnprintf$8) refers to printf8.o(i._snputc) for _snputc
    printf8.o(i.__0vsprintf$8) refers to printf8.o(i._printf_core) for _printf_core
    printf8.o(i.__0vsprintf$8) refers to printf8.o(i._sputc) for _sputc
    printf8.o(i._printf_core) refers to printf8.o(i._printf_pre_padding) for _printf_pre_padding
    printf8.o(i._printf_core) refers to uldiv.o(.text) for __aeabi_uldivmod
    printf8.o(i._printf_core) refers to printf8.o(i._printf_post_padding) for _printf_post_padding
    printfa.o(i.__0fprintf) refers (Special) to iusefp.o(.text) for __I$use$fp
    printfa.o(i.__0fprintf) refers to printfa.o(i._printf_core) for _printf_core
    printfa.o(i.__0fprintf) refers to uart1.o(.text) for fputc
    printfa.o(i.__0printf) refers (Special) to iusefp.o(.text) for __I$use$fp
    printfa.o(i.__0printf) refers to printfa.o(i._printf_core) for _printf_core
    printfa.o(i.__0printf) refers to uart1.o(.text) for fputc
    printfa.o(i.__0printf) refers to stdout.o(.data) for __stdout
    printfa.o(i.__0snprintf) refers (Special) to iusefp.o(.text) for __I$use$fp
    printfa.o(i.__0snprintf) refers to printfa.o(i._printf_core) for _printf_core
    printfa.o(i.__0snprintf) refers to printfa.o(i._snputc) for _snputc
    printfa.o(i.__0sprintf) refers (Special) to iusefp.o(.text) for __I$use$fp
    printfa.o(i.__0sprintf) refers to printfa.o(i._printf_core) for _printf_core
    printfa.o(i.__0sprintf) refers to printfa.o(i._sputc) for _sputc
    printfa.o(i.__0vfprintf) refers (Special) to iusefp.o(.text) for __I$use$fp
    printfa.o(i.__0vfprintf) refers to printfa.o(i._printf_core) for _printf_core
    printfa.o(i.__0vfprintf) refers to uart1.o(.text) for fputc
    printfa.o(i.__0vprintf) refers (Special) to iusefp.o(.text) for __I$use$fp
    printfa.o(i.__0vprintf) refers to printfa.o(i._printf_core) for _printf_core
    printfa.o(i.__0vprintf) refers to uart1.o(.text) for fputc
    printfa.o(i.__0vprintf) refers to stdout.o(.data) for __stdout
    printfa.o(i.__0vsnprintf) refers (Special) to iusefp.o(.text) for __I$use$fp
    printfa.o(i.__0vsnprintf) refers to printfa.o(i._printf_core) for _printf_core
    printfa.o(i.__0vsnprintf) refers to printfa.o(i._snputc) for _snputc
    printfa.o(i.__0vsprintf) refers (Special) to iusefp.o(.text) for __I$use$fp
    printfa.o(i.__0vsprintf) refers to printfa.o(i._printf_core) for _printf_core
    printfa.o(i.__0vsprintf) refers to printfa.o(i._sputc) for _sputc
    printfa.o(i._fp_digits) refers (Special) to iusefp.o(.text) for __I$use$fp
    printfa.o(i._fp_digits) refers to dmul.o(.text) for __aeabi_dmul
    printfa.o(i._fp_digits) refers to ddiv.o(.text) for __aeabi_ddiv
    printfa.o(i._fp_digits) refers to cdrcmple.o(.text) for __aeabi_cdrcmple
    printfa.o(i._fp_digits) refers to dadd.o(.text) for __aeabi_dadd
    printfa.o(i._fp_digits) refers to dfixul.o(.text) for __aeabi_d2ulz
    printfa.o(i._fp_digits) refers to uldiv.o(.text) for __aeabi_uldivmod
    printfa.o(i._printf_core) refers (Special) to iusefp.o(.text) for __I$use$fp
    printfa.o(i._printf_core) refers to printfa.o(i._printf_pre_padding) for _printf_pre_padding
    printfa.o(i._printf_core) refers to uldiv.o(.text) for __aeabi_uldivmod
    printfa.o(i._printf_core) refers to printfa.o(i._printf_post_padding) for _printf_post_padding
    printfa.o(i._printf_core) refers to printfa.o(i._fp_digits) for _fp_digits
    printfa.o(i._printf_core) refers to uidiv.o(.text) for __aeabi_uidivmod
    printfa.o(i._printf_post_padding) refers (Special) to iusefp.o(.text) for __I$use$fp
    printfa.o(i._printf_pre_padding) refers (Special) to iusefp.o(.text) for __I$use$fp
    printfa.o(i._snputc) refers (Special) to iusefp.o(.text) for __I$use$fp
    printfa.o(i._sputc) refers (Special) to iusefp.o(.text) for __I$use$fp
    fdiv.o(.text) refers (Special) to iusefp.o(.text) for __I$use$fp
    fdiv.o(.text) refers to fepilogue.o(.text) for _float_round
    ffltui.o(.text) refers (Special) to iusefp.o(.text) for __I$use$fp
    ffltui.o(.text) refers to fepilogue.o(.text) for _float_epilogue
    f2d.o(.text) refers (Special) to iusefp.o(.text) for __I$use$fp
    entry2.o(.ARM.Collect$$$$00000001) refers to entry2.o(.ARM.Collect$$$$00002712) for __lit__00000000
    entry2.o(.ARM.Collect$$$$00002712) refers to startup_air32f10x.o(STACK) for __initial_sp
    entry2.o(__vectab_stack_and_reset_area) refers to startup_air32f10x.o(STACK) for __initial_sp
    entry2.o(__vectab_stack_and_reset_area) refers to entry.o(.ARM.Collect$$$$00000000) for __main
    entry5.o(.ARM.Collect$$$$00000004) refers to init.o(.text) for __scatterload
    entry9a.o(.ARM.Collect$$$$0000000B) refers to main.o(.text) for main
    entry9b.o(.ARM.Collect$$$$0000000C) refers to main.o(.text) for main
    uldiv.o(.text) refers to llushr.o(.text) for __aeabi_llsr
    uldiv.o(.text) refers to llshl.o(.text) for __aeabi_llsl
    dadd.o(.text) refers to llshl.o(.text) for __aeabi_llsl
    dadd.o(.text) refers to llsshr.o(.text) for __aeabi_lasr
    dadd.o(.text) refers to depilogue.o(.text) for _double_epilogue
    dmul.o(.text) refers to depilogue.o(.text) for _double_epilogue
    ddiv.o(.text) refers to depilogue.o(.text) for _double_round
    dfixul.o(.text) refers to llushr.o(.text) for __aeabi_llsr
    dfixul.o(.text) refers to llshl.o(.text) for __aeabi_llsl
    init.o(.text) refers to entry5.o(.ARM.Collect$$$$00000004) for __main_after_scatterload
    depilogue.o(.text) refers to llshl.o(.text) for __aeabi_llsl
    depilogue.o(.text) refers to llushr.o(.text) for __aeabi_llsr


==============================================================================

Removing Unused input sections from the image.

    Removing main.o(.rev16_text), (4 bytes).
    Removing main.o(.revsh_text), (4 bytes).
    Removing main.o(.rrx_text), (6 bytes).
    Removing main.o(.data), (7 bytes).
    Removing air32f10x_it.o(.rev16_text), (4 bytes).
    Removing air32f10x_it.o(.revsh_text), (4 bytes).
    Removing air32f10x_it.o(.rrx_text), (6 bytes).
    Removing system_air32f10x.o(.rev16_text), (4 bytes).
    Removing system_air32f10x.o(.revsh_text), (4 bytes).
    Removing system_air32f10x.o(.rrx_text), (6 bytes).
    Removing delay.o(.rev16_text), (4 bytes).
    Removing delay.o(.revsh_text), (4 bytes).
    Removing delay.o(.rrx_text), (6 bytes).
    Removing startup_air32f10x.o(HEAP), (4096 bytes).
    Removing misc.o(.rev16_text), (4 bytes).
    Removing misc.o(.revsh_text), (4 bytes).
    Removing misc.o(.rrx_text), (6 bytes).
    Removing air32f10x_adc.o(.rev16_text), (4 bytes).
    Removing air32f10x_adc.o(.revsh_text), (4 bytes).
    Removing air32f10x_adc.o(.rrx_text), (6 bytes).
    Removing air32f10x_adc.o(.text), (1102 bytes).
    Removing air32f10x_bkp.o(.rev16_text), (4 bytes).
    Removing air32f10x_bkp.o(.revsh_text), (4 bytes).
    Removing air32f10x_bkp.o(.rrx_text), (6 bytes).
    Removing air32f10x_bkp.o(.text), (196 bytes).
    Removing air32f10x_dac.o(.rev16_text), (4 bytes).
    Removing air32f10x_dac.o(.revsh_text), (4 bytes).
    Removing air32f10x_dac.o(.rrx_text), (6 bytes).
    Removing air32f10x_dac.o(.text), (396 bytes).
    Removing air32f10x_dma.o(.rev16_text), (4 bytes).
    Removing air32f10x_dma.o(.revsh_text), (4 bytes).
    Removing air32f10x_dma.o(.rrx_text), (6 bytes).
    Removing air32f10x_dma.o(.text), (596 bytes).
    Removing air32f10x_exti.o(.rev16_text), (4 bytes).
    Removing air32f10x_exti.o(.revsh_text), (4 bytes).
    Removing air32f10x_exti.o(.rrx_text), (6 bytes).
    Removing air32f10x_exti.o(.text), (284 bytes).
    Removing air32f10x_flash.o(.rev16_text), (4 bytes).
    Removing air32f10x_flash.o(.revsh_text), (4 bytes).
    Removing air32f10x_flash.o(.rrx_text), (6 bytes).
    Removing air32f10x_flash.o(.emb_text), (48 bytes).
    Removing air32f10x_flash.o(.text), (1452 bytes).
    Removing air32f10x_gpio.o(.rev16_text), (4 bytes).
    Removing air32f10x_gpio.o(.revsh_text), (4 bytes).
    Removing air32f10x_gpio.o(.rrx_text), (6 bytes).
    Removing air32f10x_i2c.o(.rev16_text), (4 bytes).
    Removing air32f10x_i2c.o(.revsh_text), (4 bytes).
    Removing air32f10x_i2c.o(.rrx_text), (6 bytes).
    Removing air32f10x_i2c.o(.text), (1028 bytes).
    Removing air32f10x_iwdg.o(.rev16_text), (4 bytes).
    Removing air32f10x_iwdg.o(.revsh_text), (4 bytes).
    Removing air32f10x_iwdg.o(.rrx_text), (6 bytes).
    Removing air32f10x_iwdg.o(.text), (64 bytes).
    Removing air32f10x_rcc.o(.rev16_text), (4 bytes).
    Removing air32f10x_rcc.o(.revsh_text), (4 bytes).
    Removing air32f10x_rcc.o(.rrx_text), (6 bytes).
    Removing air32f10x_sdio.o(.rev16_text), (4 bytes).
    Removing air32f10x_sdio.o(.revsh_text), (4 bytes).
    Removing air32f10x_sdio.o(.rrx_text), (6 bytes).
    Removing air32f10x_sdio.o(.text), (468 bytes).
    Removing air32f10x_spi.o(.rev16_text), (4 bytes).
    Removing air32f10x_spi.o(.revsh_text), (4 bytes).
    Removing air32f10x_spi.o(.rrx_text), (6 bytes).
    Removing air32f10x_spi.o(.text), (780 bytes).
    Removing air32f10x_tim.o(.rev16_text), (4 bytes).
    Removing air32f10x_tim.o(.revsh_text), (4 bytes).
    Removing air32f10x_tim.o(.rrx_text), (6 bytes).
    Removing air32f10x_usart.o(.rev16_text), (4 bytes).
    Removing air32f10x_usart.o(.revsh_text), (4 bytes).
    Removing air32f10x_usart.o(.rrx_text), (6 bytes).
    Removing air32f10x_wwdg.o(.rev16_text), (4 bytes).
    Removing air32f10x_wwdg.o(.revsh_text), (4 bytes).
    Removing air32f10x_wwdg.o(.rrx_text), (6 bytes).
    Removing air32f10x_wwdg.o(.text), (136 bytes).
    Removing step_motor.o(.rev16_text), (4 bytes).
    Removing step_motor.o(.revsh_text), (4 bytes).
    Removing step_motor.o(.rrx_text), (6 bytes).
    Removing tim3.o(.rev16_text), (4 bytes).
    Removing tim3.o(.revsh_text), (4 bytes).
    Removing tim3.o(.rrx_text), (6 bytes).
    Removing tim3.o(.data), (7 bytes).
    Removing uart1.o(.rev16_text), (4 bytes).
    Removing uart1.o(.revsh_text), (4 bytes).
    Removing uart1.o(.rrx_text), (6 bytes).

84 unused section(s) (total 10982 bytes) removed from the image.

==============================================================================

Image Symbol Table

    Local Symbols

    Symbol Name                              Value     Ov Type        Size  Object(Section)

    ../clib/microlib/division.c              0x00000000   Number         0  uidiv.o ABSOLUTE
    ../clib/microlib/division.c              0x00000000   Number         0  uldiv.o ABSOLUTE
    ../clib/microlib/init/entry.s            0x00000000   Number         0  entry8a.o ABSOLUTE
    ../clib/microlib/init/entry.s            0x00000000   Number         0  entry7b.o ABSOLUTE
    ../clib/microlib/init/entry.s            0x00000000   Number         0  entry7a.o ABSOLUTE
    ../clib/microlib/init/entry.s            0x00000000   Number         0  entry5.o ABSOLUTE
    ../clib/microlib/init/entry.s            0x00000000   Number         0  entry9a.o ABSOLUTE
    ../clib/microlib/init/entry.s            0x00000000   Number         0  entry2.o ABSOLUTE
    ../clib/microlib/init/entry.s            0x00000000   Number         0  entry9b.o ABSOLUTE
    ../clib/microlib/init/entry.s            0x00000000   Number         0  entry8b.o ABSOLUTE
    ../clib/microlib/init/entry.s            0x00000000   Number         0  entry10a.o ABSOLUTE
    ../clib/microlib/init/entry.s            0x00000000   Number         0  entry11a.o ABSOLUTE
    ../clib/microlib/init/entry.s            0x00000000   Number         0  entry10b.o ABSOLUTE
    ../clib/microlib/init/entry.s            0x00000000   Number         0  entry11b.o ABSOLUTE
    ../clib/microlib/init/entry.s            0x00000000   Number         0  entry12a.o ABSOLUTE
    ../clib/microlib/init/entry.s            0x00000000   Number         0  entry12b.o ABSOLUTE
    ../clib/microlib/init/entry.s            0x00000000   Number         0  entry.o ABSOLUTE
    ../clib/microlib/longlong.c              0x00000000   Number         0  llsshr.o ABSOLUTE
    ../clib/microlib/longlong.c              0x00000000   Number         0  llshl.o ABSOLUTE
    ../clib/microlib/longlong.c              0x00000000   Number         0  llushr.o ABSOLUTE
    ../clib/microlib/printf/printf.c         0x00000000   Number         0  printfa.o ABSOLUTE
    ../clib/microlib/printf/printf.c         0x00000000   Number         0  printf8.o ABSOLUTE
    ../clib/microlib/printf/printf.c         0x00000000   Number         0  printf7.o ABSOLUTE
    ../clib/microlib/printf/printf.c         0x00000000   Number         0  printf5.o ABSOLUTE
    ../clib/microlib/printf/printf.c         0x00000000   Number         0  printf4.o ABSOLUTE
    ../clib/microlib/printf/printf.c         0x00000000   Number         0  printf3.o ABSOLUTE
    ../clib/microlib/printf/printf.c         0x00000000   Number         0  printf2.o ABSOLUTE
    ../clib/microlib/printf/printf.c         0x00000000   Number         0  printf1.o ABSOLUTE
    ../clib/microlib/printf/printf.c         0x00000000   Number         0  printf0.o ABSOLUTE
    ../clib/microlib/printf/printf.c         0x00000000   Number         0  printfb.o ABSOLUTE
    ../clib/microlib/printf/printf.c         0x00000000   Number         0  printf6.o ABSOLUTE
    ../clib/microlib/printf/stubs.s          0x00000000   Number         0  stubs.o ABSOLUTE
    ../clib/microlib/stdio/streams.c         0x00000000   Number         0  stdout.o ABSOLUTE
    ../clib/microlib/stubs.s                 0x00000000   Number         0  iusefp.o ABSOLUTE
    ../fplib/microlib/f2d.c                  0x00000000   Number         0  f2d.o ABSOLUTE
    ../fplib/microlib/fpadd.c                0x00000000   Number         0  dadd.o ABSOLUTE
    ../fplib/microlib/fpdiv.c                0x00000000   Number         0  ddiv.o ABSOLUTE
    ../fplib/microlib/fpdiv.c                0x00000000   Number         0  fdiv.o ABSOLUTE
    ../fplib/microlib/fpepilogue.c           0x00000000   Number         0  fepilogue.o ABSOLUTE
    ../fplib/microlib/fpepilogue.c           0x00000000   Number         0  depilogue.o ABSOLUTE
    ../fplib/microlib/fpfix.c                0x00000000   Number         0  dfixul.o ABSOLUTE
    ../fplib/microlib/fpflt.c                0x00000000   Number         0  ffltui.o ABSOLUTE
    ../fplib/microlib/fpmul.c                0x00000000   Number         0  dmul.o ABSOLUTE
    ..\HARDWARE\TIM3.c                       0x00000000   Number         0  tim3.o ABSOLUTE
    ..\HARDWARE\led.c                        0x00000000   Number         0  led.o ABSOLUTE
    ..\HARDWARE\step_motor.c                 0x00000000   Number         0  step_motor.o ABSOLUTE
    ..\HARDWARE\uart1.c                      0x00000000   Number         0  uart1.o ABSOLUTE
    ..\Libraries\AIR32F10xLib\src\air32f10x_adc.c 0x00000000   Number         0  air32f10x_adc.o ABSOLUTE
    ..\Libraries\AIR32F10xLib\src\air32f10x_bkp.c 0x00000000   Number         0  air32f10x_bkp.o ABSOLUTE
    ..\Libraries\AIR32F10xLib\src\air32f10x_dac.c 0x00000000   Number         0  air32f10x_dac.o ABSOLUTE
    ..\Libraries\AIR32F10xLib\src\air32f10x_dma.c 0x00000000   Number         0  air32f10x_dma.o ABSOLUTE
    ..\Libraries\AIR32F10xLib\src\air32f10x_exti.c 0x00000000   Number         0  air32f10x_exti.o ABSOLUTE
    ..\Libraries\AIR32F10xLib\src\air32f10x_flash.c 0x00000000   Number         0  air32f10x_flash.o ABSOLUTE
    ..\Libraries\AIR32F10xLib\src\air32f10x_gpio.c 0x00000000   Number         0  air32f10x_gpio.o ABSOLUTE
    ..\Libraries\AIR32F10xLib\src\air32f10x_i2c.c 0x00000000   Number         0  air32f10x_i2c.o ABSOLUTE
    ..\Libraries\AIR32F10xLib\src\air32f10x_iwdg.c 0x00000000   Number         0  air32f10x_iwdg.o ABSOLUTE
    ..\Libraries\AIR32F10xLib\src\air32f10x_rcc.c 0x00000000   Number         0  air32f10x_rcc.o ABSOLUTE
    ..\Libraries\AIR32F10xLib\src\air32f10x_sdio.c 0x00000000   Number         0  air32f10x_sdio.o ABSOLUTE
    ..\Libraries\AIR32F10xLib\src\air32f10x_spi.c 0x00000000   Number         0  air32f10x_spi.o ABSOLUTE
    ..\Libraries\AIR32F10xLib\src\air32f10x_tim.c 0x00000000   Number         0  air32f10x_tim.o ABSOLUTE
    ..\Libraries\AIR32F10xLib\src\air32f10x_usart.c 0x00000000   Number         0  air32f10x_usart.o ABSOLUTE
    ..\Libraries\AIR32F10xLib\src\air32f10x_wwdg.c 0x00000000   Number         0  air32f10x_wwdg.o ABSOLUTE
    ..\Libraries\AIR32F10xLib\src\misc.c     0x00000000   Number         0  misc.o ABSOLUTE
    ..\Libraries\AIR32F10xLib\src\system_air32f10x.c 0x00000000   Number         0  system_air32f10x.o ABSOLUTE
    ..\Libraries\STARTUP\arm\startup_air32f10x.s 0x00000000   Number         0  startup_air32f10x.o ABSOLUTE
    ..\SYSTEM\delay\delay.c                  0x00000000   Number         0  delay.o ABSOLUTE
    ..\\HARDWARE\\TIM3.c                     0x00000000   Number         0  tim3.o ABSOLUTE
    ..\\HARDWARE\\step_motor.c               0x00000000   Number         0  step_motor.o ABSOLUTE
    ..\\HARDWARE\\uart1.c                    0x00000000   Number         0  uart1.o ABSOLUTE
    ..\\Libraries\\AIR32F10xLib\\src\\air32f10x_adc.c 0x00000000   Number         0  air32f10x_adc.o ABSOLUTE
    ..\\Libraries\\AIR32F10xLib\\src\\air32f10x_bkp.c 0x00000000   Number         0  air32f10x_bkp.o ABSOLUTE
    ..\\Libraries\\AIR32F10xLib\\src\\air32f10x_dac.c 0x00000000   Number         0  air32f10x_dac.o ABSOLUTE
    ..\\Libraries\\AIR32F10xLib\\src\\air32f10x_dma.c 0x00000000   Number         0  air32f10x_dma.o ABSOLUTE
    ..\\Libraries\\AIR32F10xLib\\src\\air32f10x_exti.c 0x00000000   Number         0  air32f10x_exti.o ABSOLUTE
    ..\\Libraries\\AIR32F10xLib\\src\\air32f10x_flash.c 0x00000000   Number         0  air32f10x_flash.o ABSOLUTE
    ..\\Libraries\\AIR32F10xLib\\src\\air32f10x_gpio.c 0x00000000   Number         0  air32f10x_gpio.o ABSOLUTE
    ..\\Libraries\\AIR32F10xLib\\src\\air32f10x_i2c.c 0x00000000   Number         0  air32f10x_i2c.o ABSOLUTE
    ..\\Libraries\\AIR32F10xLib\\src\\air32f10x_iwdg.c 0x00000000   Number         0  air32f10x_iwdg.o ABSOLUTE
    ..\\Libraries\\AIR32F10xLib\\src\\air32f10x_rcc.c 0x00000000   Number         0  air32f10x_rcc.o ABSOLUTE
    ..\\Libraries\\AIR32F10xLib\\src\\air32f10x_sdio.c 0x00000000   Number         0  air32f10x_sdio.o ABSOLUTE
    ..\\Libraries\\AIR32F10xLib\\src\\air32f10x_spi.c 0x00000000   Number         0  air32f10x_spi.o ABSOLUTE
    ..\\Libraries\\AIR32F10xLib\\src\\air32f10x_tim.c 0x00000000   Number         0  air32f10x_tim.o ABSOLUTE
    ..\\Libraries\\AIR32F10xLib\\src\\air32f10x_usart.c 0x00000000   Number         0  air32f10x_usart.o ABSOLUTE
    ..\\Libraries\\AIR32F10xLib\\src\\air32f10x_wwdg.c 0x00000000   Number         0  air32f10x_wwdg.o ABSOLUTE
    ..\\Libraries\\AIR32F10xLib\\src\\misc.c 0x00000000   Number         0  misc.o ABSOLUTE
    ..\\Libraries\\AIR32F10xLib\\src\\system_air32f10x.c 0x00000000   Number         0  system_air32f10x.o ABSOLUTE
    ..\\SYSTEM\\delay\\delay.c               0x00000000   Number         0  delay.o ABSOLUTE
    air32f10x_it.c                           0x00000000   Number         0  air32f10x_it.o ABSOLUTE
    air32f10x_it.c                           0x00000000   Number         0  air32f10x_it.o ABSOLUTE
    cdrcmple.s                               0x00000000   Number         0  cdrcmple.o ABSOLUTE
    dc.s                                     0x00000000   Number         0  dc.o ABSOLUTE
    handlers.s                               0x00000000   Number         0  handlers.o ABSOLUTE
    init.s                                   0x00000000   Number         0  init.o ABSOLUTE
    main.c                                   0x00000000   Number         0  main.o ABSOLUTE
    main.c                                   0x00000000   Number         0  main.o ABSOLUTE
    RESET                                    0x08000000   Section      544  startup_air32f10x.o(RESET)
    .ARM.Collect$$$$00000000                 0x08000220   Section        0  entry.o(.ARM.Collect$$$$00000000)
    .ARM.Collect$$$$00000001                 0x08000220   Section        4  entry2.o(.ARM.Collect$$$$00000001)
    .ARM.Collect$$$$00000004                 0x08000224   Section        4  entry5.o(.ARM.Collect$$$$00000004)
    .ARM.Collect$$$$00000008                 0x08000228   Section        0  entry7b.o(.ARM.Collect$$$$00000008)
    .ARM.Collect$$$$0000000A                 0x08000228   Section        0  entry8b.o(.ARM.Collect$$$$0000000A)
    .ARM.Collect$$$$0000000B                 0x08000228   Section        8  entry9a.o(.ARM.Collect$$$$0000000B)
    .ARM.Collect$$$$0000000E                 0x08000230   Section        4  entry12b.o(.ARM.Collect$$$$0000000E)
    .ARM.Collect$$$$0000000F                 0x08000234   Section        0  entry10a.o(.ARM.Collect$$$$0000000F)
    .ARM.Collect$$$$00000011                 0x08000234   Section        0  entry11a.o(.ARM.Collect$$$$00000011)
    .ARM.Collect$$$$00002712                 0x08000234   Section        4  entry2.o(.ARM.Collect$$$$00002712)
    __lit__00000000                          0x08000234   Data           4  entry2.o(.ARM.Collect$$$$00002712)
    .text                                    0x08000238   Section        0  main.o(.text)
    .text                                    0x080003e4   Section        0  air32f10x_it.o(.text)
    .text                                    0x08000400   Section        0  system_air32f10x.o(.text)
    SetSysClockTo72                          0x08000401   Thumb Code   214  system_air32f10x.o(.text)
    SetSysClock                              0x080004d7   Thumb Code     8  system_air32f10x.o(.text)
    .text                                    0x080005e0   Section        0  delay.o(.text)
    .text                                    0x080006dc   Section       44  startup_air32f10x.o(.text)
    .text                                    0x08000708   Section        0  misc.o(.text)
    .text                                    0x080007e4   Section        0  air32f10x_gpio.o(.text)
    .text                                    0x08000b68   Section        0  air32f10x_rcc.o(.text)
    .text                                    0x08000f4c   Section        0  air32f10x_tim.o(.text)
    TI4_Config                               0x08001371   Thumb Code   130  air32f10x_tim.o(.text)
    TI3_Config                               0x08001405   Thumb Code   122  air32f10x_tim.o(.text)
    TI2_Config                               0x08001499   Thumb Code   130  air32f10x_tim.o(.text)
    TI1_Config                               0x0800152d   Thumb Code   108  air32f10x_tim.o(.text)
    .text                                    0x08001ce4   Section        0  air32f10x_usart.o(.text)
    .text                                    0x08002100   Section        0  step_motor.o(.text)
    .text                                    0x080022b4   Section        0  tim3.o(.text)
    .text                                    0x0800233c   Section        0  uart1.o(.text)
    .text                                    0x080023f8   Section        0  fdiv.o(.text)
    .text                                    0x08002474   Section        0  ffltui.o(.text)
    .text                                    0x0800247e   Section        0  f2d.o(.text)
    .text                                    0x080024a4   Section        0  uidiv.o(.text)
    .text                                    0x080024d0   Section        0  uldiv.o(.text)
    .text                                    0x08002532   Section        0  iusefp.o(.text)
    .text                                    0x08002532   Section        0  fepilogue.o(.text)
    .text                                    0x080025a0   Section        0  dadd.o(.text)
    .text                                    0x080026ee   Section        0  dmul.o(.text)
    .text                                    0x080027d2   Section        0  ddiv.o(.text)
    .text                                    0x080028b0   Section        0  dfixul.o(.text)
    .text                                    0x080028e0   Section       48  cdrcmple.o(.text)
    .text                                    0x08002910   Section       36  init.o(.text)
    .text                                    0x08002934   Section        0  llshl.o(.text)
    .text                                    0x08002952   Section        0  llushr.o(.text)
    .text                                    0x08002972   Section        0  llsshr.o(.text)
    .text                                    0x08002996   Section        0  depilogue.o(.text)
    i.__0printf                              0x08002a50   Section        0  printfa.o(i.__0printf)
    i.__scatterload_copy                     0x08002a70   Section       14  handlers.o(i.__scatterload_copy)
    i.__scatterload_null                     0x08002a7e   Section        2  handlers.o(i.__scatterload_null)
    i.__scatterload_zeroinit                 0x08002a80   Section       14  handlers.o(i.__scatterload_zeroinit)
    i._fp_digits                             0x08002a90   Section        0  printfa.o(i._fp_digits)
    _fp_digits                               0x08002a91   Thumb Code   366  printfa.o(i._fp_digits)
    i._printf_core                           0x08002c14   Section        0  printfa.o(i._printf_core)
    _printf_core                             0x08002c15   Thumb Code  1704  printfa.o(i._printf_core)
    i._printf_post_padding                   0x080032c8   Section        0  printfa.o(i._printf_post_padding)
    _printf_post_padding                     0x080032c9   Thumb Code    36  printfa.o(i._printf_post_padding)
    i._printf_pre_padding                    0x080032ec   Section        0  printfa.o(i._printf_pre_padding)
    _printf_pre_padding                      0x080032ed   Thumb Code    46  printfa.o(i._printf_pre_padding)
    .constdata                               0x0800331a   Section       16  tim3.o(.constdata)
    __FUNCTION__                             0x0800331a   Data          16  tim3.o(.constdata)
    .conststring                             0x0800332c   Section       86  main.o(.conststring)
    .data                                    0x20000000   Section       20  system_air32f10x.o(.data)
    .data                                    0x20000014   Section        4  delay.o(.data)
    UsNumber                                 0x20000014   Data           1  delay.o(.data)
    MsNumber                                 0x20000016   Data           2  delay.o(.data)
    .data                                    0x20000018   Section       20  air32f10x_rcc.o(.data)
    APBAHBPrescTable                         0x20000018   Data          16  air32f10x_rcc.o(.data)
    ADCPrescTable                            0x20000028   Data           4  air32f10x_rcc.o(.data)
    .data                                    0x2000002c   Section        8  step_motor.o(.data)
    StepMotorInfo                            0x2000002c   Data           7  step_motor.o(.data)
    .data                                    0x20000034   Section        4  uart1.o(.data)
    .data                                    0x20000038   Section        4  stdout.o(.data)
    .bss                                     0x2000003c   Section       20  main.o(.bss)
    STACK                                    0x20000050   Section     4096  startup_air32f10x.o(STACK)

    Global Symbols

    Symbol Name                              Value     Ov Type        Size  Object(Section)

    BuildAttributes$$THM_ISAv4$P$D$K$B$S$PE$A:L22UL41UL21$X:L11$S22US41US21$IEEE1$IW$USESV6$~STKCKD$USESV7$~SHL$OTIME$ROPI$EBA8$MICROLIB$REQ8$PRES8$EABIv2 0x00000000   Number         0  anon$$obj.o ABSOLUTE
    __ARM_use_no_argv                        0x00000000   Number         0  main.o ABSOLUTE
    _printf_a                                0x00000000   Number         0  stubs.o ABSOLUTE
    _printf_c                                0x00000000   Number         0  stubs.o ABSOLUTE
    _printf_charcount                        0x00000000   Number         0  stubs.o ABSOLUTE
    _printf_d                                0x00000000   Number         0  stubs.o ABSOLUTE
    _printf_e                                0x00000000   Number         0  stubs.o ABSOLUTE
    _printf_f                                0x00000000   Number         0  stubs.o ABSOLUTE
    _printf_flags                            0x00000000   Number         0  stubs.o ABSOLUTE
    _printf_fp_dec                           0x00000000   Number         0  stubs.o ABSOLUTE
    _printf_fp_hex                           0x00000000   Number         0  stubs.o ABSOLUTE
    _printf_g                                0x00000000   Number         0  stubs.o ABSOLUTE
    _printf_i                                0x00000000   Number         0  stubs.o ABSOLUTE
    _printf_int_dec                          0x00000000   Number         0  stubs.o ABSOLUTE
    _printf_l                                0x00000000   Number         0  stubs.o ABSOLUTE
    _printf_lc                               0x00000000   Number         0  stubs.o ABSOLUTE
    _printf_ll                               0x00000000   Number         0  stubs.o ABSOLUTE
    _printf_lld                              0x00000000   Number         0  stubs.o ABSOLUTE
    _printf_lli                              0x00000000   Number         0  stubs.o ABSOLUTE
    _printf_llo                              0x00000000   Number         0  stubs.o ABSOLUTE
    _printf_llu                              0x00000000   Number         0  stubs.o ABSOLUTE
    _printf_llx                              0x00000000   Number         0  stubs.o ABSOLUTE
    _printf_longlong_dec                     0x00000000   Number         0  stubs.o ABSOLUTE
    _printf_longlong_hex                     0x00000000   Number         0  stubs.o ABSOLUTE
    _printf_longlong_oct                     0x00000000   Number         0  stubs.o ABSOLUTE
    _printf_ls                               0x00000000   Number         0  stubs.o ABSOLUTE
    _printf_mbtowc                           0x00000000   Number         0  stubs.o ABSOLUTE
    _printf_n                                0x00000000   Number         0  stubs.o ABSOLUTE
    _printf_o                                0x00000000   Number         0  stubs.o ABSOLUTE
    _printf_p                                0x00000000   Number         0  stubs.o ABSOLUTE
    _printf_percent                          0x00000000   Number         0  stubs.o ABSOLUTE
    _printf_pre_padding                      0x00000000   Number         0  stubs.o ABSOLUTE
    _printf_return_value                     0x00000000   Number         0  stubs.o ABSOLUTE
    _printf_s                                0x00000000   Number         0  stubs.o ABSOLUTE
    _printf_sizespec                         0x00000000   Number         0  stubs.o ABSOLUTE
    _printf_str                              0x00000000   Number         0  stubs.o ABSOLUTE
    _printf_truncate_signed                  0x00000000   Number         0  stubs.o ABSOLUTE
    _printf_truncate_unsigned                0x00000000   Number         0  stubs.o ABSOLUTE
    _printf_u                                0x00000000   Number         0  stubs.o ABSOLUTE
    _printf_wc                               0x00000000   Number         0  stubs.o ABSOLUTE
    _printf_wctomb                           0x00000000   Number         0  stubs.o ABSOLUTE
    _printf_widthprec                        0x00000000   Number         0  stubs.o ABSOLUTE
    _printf_x                                0x00000000   Number         0  stubs.o ABSOLUTE
    __arm_fini_                               - Undefined Weak Reference
    __cpp_initialize__aeabi_                  - Undefined Weak Reference
    __cxa_finalize                            - Undefined Weak Reference
    __decompress                              - Undefined Weak Reference
    _clock_init                               - Undefined Weak Reference
    _microlib_exit                            - Undefined Weak Reference
    __Vectors_Size                           0x00000220   Number         0  startup_air32f10x.o ABSOLUTE
    __Vectors                                0x08000000   Data           4  startup_air32f10x.o(RESET)
    __Vectors_End                            0x08000220   Data           0  startup_air32f10x.o(RESET)
    __main                                   0x08000221   Thumb Code     0  entry.o(.ARM.Collect$$$$00000000)
    _main_stk                                0x08000221   Thumb Code     0  entry2.o(.ARM.Collect$$$$00000001)
    _main_scatterload                        0x08000225   Thumb Code     0  entry5.o(.ARM.Collect$$$$00000004)
    __main_after_scatterload                 0x08000229   Thumb Code     0  entry5.o(.ARM.Collect$$$$00000004)
    _main_clock                              0x08000229   Thumb Code     0  entry7b.o(.ARM.Collect$$$$00000008)
    _main_cpp_init                           0x08000229   Thumb Code     0  entry8b.o(.ARM.Collect$$$$0000000A)
    _main_init                               0x08000229   Thumb Code     0  entry9a.o(.ARM.Collect$$$$0000000B)
    __rt_lib_shutdown_fini                   0x08000231   Thumb Code     0  entry12b.o(.ARM.Collect$$$$0000000E)
    __rt_final_cpp                           0x08000235   Thumb Code     0  entry10a.o(.ARM.Collect$$$$0000000F)
    __rt_final_exit                          0x08000235   Thumb Code     0  entry11a.o(.ARM.Collect$$$$00000011)
    LOG_FRE                                  0x08000239   Thumb Code   184  main.o(.text)
    GPIO_Configuration                       0x080002f1   Thumb Code    40  main.o(.text)
    main                                     0x08000319   Thumb Code   150  main.o(.text)
    NMI_Handler                              0x080003e5   Thumb Code     2  air32f10x_it.o(.text)
    HardFault_Handler                        0x080003e7   Thumb Code     4  air32f10x_it.o(.text)
    MemManage_Handler                        0x080003eb   Thumb Code     4  air32f10x_it.o(.text)
    BusFault_Handler                         0x080003ef   Thumb Code     4  air32f10x_it.o(.text)
    UsageFault_Handler                       0x080003f3   Thumb Code     4  air32f10x_it.o(.text)
    SVC_Handler                              0x080003f7   Thumb Code     2  air32f10x_it.o(.text)
    DebugMon_Handler                         0x080003f9   Thumb Code     2  air32f10x_it.o(.text)
    PendSV_Handler                           0x080003fb   Thumb Code     2  air32f10x_it.o(.text)
    SysTick_Handler                          0x080003fd   Thumb Code     2  air32f10x_it.o(.text)
    SystemInit                               0x080004df   Thumb Code    78  system_air32f10x.o(.text)
    SystemCoreClockUpdate                    0x0800052d   Thumb Code   142  system_air32f10x.o(.text)
    Delay_Init                               0x080005e1   Thumb Code    58  delay.o(.text)
    Delay_Us                                 0x0800061b   Thumb Code    72  delay.o(.text)
    Delay_Ms                                 0x08000663   Thumb Code    72  delay.o(.text)
    Delay_S                                  0x080006ab   Thumb Code    38  delay.o(.text)
    BOOT_RAM                                 0x080006dd   Thumb Code     8  startup_air32f10x.o(.text)
    Reset_Handler                            0x080006e5   Thumb Code     8  startup_air32f10x.o(.text)
    ADC1_2_IRQHandler                        0x080006ff   Thumb Code     0  startup_air32f10x.o(.text)
    ADC3_IRQHandler                          0x080006ff   Thumb Code     0  startup_air32f10x.o(.text)
    CAN1_RX1_IRQHandler                      0x080006ff   Thumb Code     0  startup_air32f10x.o(.text)
    CAN1_SCE_IRQHandler                      0x080006ff   Thumb Code     0  startup_air32f10x.o(.text)
    DMA1_Channel1_IRQHandler                 0x080006ff   Thumb Code     0  startup_air32f10x.o(.text)
    DMA1_Channel2_IRQHandler                 0x080006ff   Thumb Code     0  startup_air32f10x.o(.text)
    DMA1_Channel3_IRQHandler                 0x080006ff   Thumb Code     0  startup_air32f10x.o(.text)
    DMA1_Channel4_IRQHandler                 0x080006ff   Thumb Code     0  startup_air32f10x.o(.text)
    DMA1_Channel5_IRQHandler                 0x080006ff   Thumb Code     0  startup_air32f10x.o(.text)
    DMA1_Channel6_IRQHandler                 0x080006ff   Thumb Code     0  startup_air32f10x.o(.text)
    DMA1_Channel7_IRQHandler                 0x080006ff   Thumb Code     0  startup_air32f10x.o(.text)
    DMA2_Channel1_IRQHandler                 0x080006ff   Thumb Code     0  startup_air32f10x.o(.text)
    DMA2_Channel2_IRQHandler                 0x080006ff   Thumb Code     0  startup_air32f10x.o(.text)
    DMA2_Channel3_IRQHandler                 0x080006ff   Thumb Code     0  startup_air32f10x.o(.text)
    DMA2_Channel4_5_IRQHandler               0x080006ff   Thumb Code     0  startup_air32f10x.o(.text)
    EXTI0_IRQHandler                         0x080006ff   Thumb Code     0  startup_air32f10x.o(.text)
    EXTI15_10_IRQHandler                     0x080006ff   Thumb Code     0  startup_air32f10x.o(.text)
    EXTI1_IRQHandler                         0x080006ff   Thumb Code     0  startup_air32f10x.o(.text)
    EXTI2_IRQHandler                         0x080006ff   Thumb Code     0  startup_air32f10x.o(.text)
    EXTI3_IRQHandler                         0x080006ff   Thumb Code     0  startup_air32f10x.o(.text)
    EXTI4_IRQHandler                         0x080006ff   Thumb Code     0  startup_air32f10x.o(.text)
    EXTI9_5_IRQHandler                       0x080006ff   Thumb Code     0  startup_air32f10x.o(.text)
    FLASH_IRQHandler                         0x080006ff   Thumb Code     0  startup_air32f10x.o(.text)
    FSMC_IRQHandler                          0x080006ff   Thumb Code     0  startup_air32f10x.o(.text)
    I2C1_ER_IRQHandler                       0x080006ff   Thumb Code     0  startup_air32f10x.o(.text)
    I2C1_EV_IRQHandler                       0x080006ff   Thumb Code     0  startup_air32f10x.o(.text)
    I2C2_ER_IRQHandler                       0x080006ff   Thumb Code     0  startup_air32f10x.o(.text)
    I2C2_EV_IRQHandler                       0x080006ff   Thumb Code     0  startup_air32f10x.o(.text)
    PVD_IRQHandler                           0x080006ff   Thumb Code     0  startup_air32f10x.o(.text)
    RCC_IRQHandler                           0x080006ff   Thumb Code     0  startup_air32f10x.o(.text)
    RNG_IRQHandler                           0x080006ff   Thumb Code     0  startup_air32f10x.o(.text)
    RTCAlarm_IRQHandler                      0x080006ff   Thumb Code     0  startup_air32f10x.o(.text)
    RTC_IRQHandler                           0x080006ff   Thumb Code     0  startup_air32f10x.o(.text)
    SDIO_IRQHandler                          0x080006ff   Thumb Code     0  startup_air32f10x.o(.text)
    SENSOR_IRQHandler                        0x080006ff   Thumb Code     0  startup_air32f10x.o(.text)
    SPI1_IRQHandler                          0x080006ff   Thumb Code     0  startup_air32f10x.o(.text)
    SPI2_IRQHandler                          0x080006ff   Thumb Code     0  startup_air32f10x.o(.text)
    SPI3_IRQHandler                          0x080006ff   Thumb Code     0  startup_air32f10x.o(.text)
    SYMC_IRQHandler                          0x080006ff   Thumb Code     0  startup_air32f10x.o(.text)
    TAMPER_IRQHandler                        0x080006ff   Thumb Code     0  startup_air32f10x.o(.text)
    TIM1_BRK_IRQHandler                      0x080006ff   Thumb Code     0  startup_air32f10x.o(.text)
    TIM1_CC_IRQHandler                       0x080006ff   Thumb Code     0  startup_air32f10x.o(.text)
    TIM1_TRG_COM_IRQHandler                  0x080006ff   Thumb Code     0  startup_air32f10x.o(.text)
    TIM1_UP_IRQHandler                       0x080006ff   Thumb Code     0  startup_air32f10x.o(.text)
    TIM2_IRQHandler                          0x080006ff   Thumb Code     0  startup_air32f10x.o(.text)
    TIM4_IRQHandler                          0x080006ff   Thumb Code     0  startup_air32f10x.o(.text)
    TIM5_IRQHandler                          0x080006ff   Thumb Code     0  startup_air32f10x.o(.text)
    TIM6_IRQHandler                          0x080006ff   Thumb Code     0  startup_air32f10x.o(.text)
    TIM7_IRQHandler                          0x080006ff   Thumb Code     0  startup_air32f10x.o(.text)
    TIM8_BRK_IRQHandler                      0x080006ff   Thumb Code     0  startup_air32f10x.o(.text)
    TIM8_CC_IRQHandler                       0x080006ff   Thumb Code     0  startup_air32f10x.o(.text)
    TIM8_TRG_COM_IRQHandler                  0x080006ff   Thumb Code     0  startup_air32f10x.o(.text)
    TIM8_UP_IRQHandler                       0x080006ff   Thumb Code     0  startup_air32f10x.o(.text)
    UART4_IRQHandler                         0x080006ff   Thumb Code     0  startup_air32f10x.o(.text)
    UART5_IRQHandler                         0x080006ff   Thumb Code     0  startup_air32f10x.o(.text)
    USART1_IRQHandler                        0x080006ff   Thumb Code     0  startup_air32f10x.o(.text)
    USART2_IRQHandler                        0x080006ff   Thumb Code     0  startup_air32f10x.o(.text)
    USART3_IRQHandler                        0x080006ff   Thumb Code     0  startup_air32f10x.o(.text)
    USBWakeUp_IRQHandler                     0x080006ff   Thumb Code     0  startup_air32f10x.o(.text)
    USB_HP_CAN1_TX_IRQHandler                0x080006ff   Thumb Code     0  startup_air32f10x.o(.text)
    USB_LP_CAN1_RX0_IRQHandler               0x080006ff   Thumb Code     0  startup_air32f10x.o(.text)
    WWDG_IRQHandler                          0x080006ff   Thumb Code     0  startup_air32f10x.o(.text)
    NVIC_PriorityGroupConfig                 0x08000709   Thumb Code    10  misc.o(.text)
    NVIC_Init                                0x08000713   Thumb Code   100  misc.o(.text)
    NVIC_SetVectorTable                      0x08000777   Thumb Code    14  misc.o(.text)
    NVIC_SystemLPConfig                      0x08000785   Thumb Code    34  misc.o(.text)
    SysTick_CLKSourceConfig                  0x080007a7   Thumb Code    40  misc.o(.text)
    GPIO_DeInit                              0x080007e5   Thumb Code   172  air32f10x_gpio.o(.text)
    GPIO_AFIODeInit                          0x08000891   Thumb Code    20  air32f10x_gpio.o(.text)
    GPIO_Init                                0x080008a5   Thumb Code   278  air32f10x_gpio.o(.text)
    GPIO_StructInit                          0x080009bb   Thumb Code    16  air32f10x_gpio.o(.text)
    GPIO_ReadInputDataBit                    0x080009cb   Thumb Code    18  air32f10x_gpio.o(.text)
    GPIO_ReadInputData                       0x080009dd   Thumb Code     8  air32f10x_gpio.o(.text)
    GPIO_ReadOutputDataBit                   0x080009e5   Thumb Code    18  air32f10x_gpio.o(.text)
    GPIO_ReadOutputData                      0x080009f7   Thumb Code     8  air32f10x_gpio.o(.text)
    GPIO_SetBits                             0x080009ff   Thumb Code     4  air32f10x_gpio.o(.text)
    GPIO_ResetBits                           0x08000a03   Thumb Code     4  air32f10x_gpio.o(.text)
    GPIO_WriteBit                            0x08000a07   Thumb Code    10  air32f10x_gpio.o(.text)
    GPIO_Write                               0x08000a11   Thumb Code     4  air32f10x_gpio.o(.text)
    GPIO_PinLockConfig                       0x08000a15   Thumb Code    18  air32f10x_gpio.o(.text)
    GPIO_EventOutputConfig                   0x08000a27   Thumb Code    26  air32f10x_gpio.o(.text)
    GPIO_EventOutputCmd                      0x08000a41   Thumb Code     6  air32f10x_gpio.o(.text)
    GPIO_PinRemapConfig                      0x08000a47   Thumb Code   138  air32f10x_gpio.o(.text)
    GPIO_EXTILineConfig                      0x08000ad1   Thumb Code    66  air32f10x_gpio.o(.text)
    GPIO_ETH_MediaInterfaceConfig            0x08000b13   Thumb Code     8  air32f10x_gpio.o(.text)
    GPIO_ForcePuPdCmd                        0x08000b1b   Thumb Code    18  air32f10x_gpio.o(.text)
    GPIO_ForcePullUpConfig                   0x08000b2d   Thumb Code     8  air32f10x_gpio.o(.text)
    GPIO_ForceDropDownConfig                 0x08000b35   Thumb Code    14  air32f10x_gpio.o(.text)
    RCC_DeInit                               0x08000b69   Thumb Code    64  air32f10x_rcc.o(.text)
    RCC_HSEConfig                            0x08000ba9   Thumb Code    70  air32f10x_rcc.o(.text)
    RCC_GetFlagStatus                        0x08000bef   Thumb Code    56  air32f10x_rcc.o(.text)
    RCC_WaitForHSEStartUp                    0x08000c27   Thumb Code    56  air32f10x_rcc.o(.text)
    RCC_AdjustHSICalibrationValue            0x08000c5f   Thumb Code    20  air32f10x_rcc.o(.text)
    RCC_HSICmd                               0x08000c73   Thumb Code     6  air32f10x_rcc.o(.text)
    RCC_PLLConfig                            0x08000c79   Thumb Code    24  air32f10x_rcc.o(.text)
    RCC_PLLCmd                               0x08000c91   Thumb Code     6  air32f10x_rcc.o(.text)
    RCC_SYSCLKConfig                         0x08000c97   Thumb Code    18  air32f10x_rcc.o(.text)
    RCC_GetSYSCLKSource                      0x08000ca9   Thumb Code    10  air32f10x_rcc.o(.text)
    RCC_HCLKConfig                           0x08000cb3   Thumb Code    18  air32f10x_rcc.o(.text)
    RCC_PCLK1Config                          0x08000cc5   Thumb Code    18  air32f10x_rcc.o(.text)
    RCC_PCLK2Config                          0x08000cd7   Thumb Code    20  air32f10x_rcc.o(.text)
    RCC_ITConfig                             0x08000ceb   Thumb Code    26  air32f10x_rcc.o(.text)
    RCC_USBCLKConfig                         0x08000d05   Thumb Code    22  air32f10x_rcc.o(.text)
    RCC_ADCCLKConfig                         0x08000d1b   Thumb Code    20  air32f10x_rcc.o(.text)
    RCC_LSEConfig                            0x08000d2f   Thumb Code    50  air32f10x_rcc.o(.text)
    RCC_LSICmd                               0x08000d61   Thumb Code     6  air32f10x_rcc.o(.text)
    RCC_RTCCLKConfig                         0x08000d67   Thumb Code    12  air32f10x_rcc.o(.text)
    RCC_RTCCLKCmd                            0x08000d73   Thumb Code     8  air32f10x_rcc.o(.text)
    RCC_GetClocksFreq                        0x08000d7b   Thumb Code   214  air32f10x_rcc.o(.text)
    RCC_AHBPeriphClockCmd                    0x08000e51   Thumb Code    26  air32f10x_rcc.o(.text)
    RCC_APB2PeriphClockCmd                   0x08000e6b   Thumb Code    26  air32f10x_rcc.o(.text)
    RCC_APB1PeriphClockCmd                   0x08000e85   Thumb Code    26  air32f10x_rcc.o(.text)
    RCC_APB2PeriphResetCmd                   0x08000e9f   Thumb Code    26  air32f10x_rcc.o(.text)
    RCC_APB1PeriphResetCmd                   0x08000eb9   Thumb Code    26  air32f10x_rcc.o(.text)
    RCC_BackupResetCmd                       0x08000ed3   Thumb Code     8  air32f10x_rcc.o(.text)
    RCC_ClockSecuritySystemCmd               0x08000edb   Thumb Code     6  air32f10x_rcc.o(.text)
    RCC_MCOConfig                            0x08000ee1   Thumb Code    24  air32f10x_rcc.o(.text)
    RCC_ClearFlag                            0x08000ef9   Thumb Code    14  air32f10x_rcc.o(.text)
    RCC_GetITStatus                          0x08000f07   Thumb Code    20  air32f10x_rcc.o(.text)
    RCC_ClearITPendingBit                    0x08000f1b   Thumb Code     6  air32f10x_rcc.o(.text)
    TIM_DeInit                               0x08000f4d   Thumb Code   346  air32f10x_tim.o(.text)
    TIM_TimeBaseInit                         0x080010a7   Thumb Code   104  air32f10x_tim.o(.text)
    TIM_OC1Init                              0x0800110f   Thumb Code   114  air32f10x_tim.o(.text)
    TIM_OC2Init                              0x08001181   Thumb Code   154  air32f10x_tim.o(.text)
    TIM_OC3Init                              0x0800121b   Thumb Code   150  air32f10x_tim.o(.text)
    TIM_OC4Init                              0x080012b1   Thumb Code   114  air32f10x_tim.o(.text)
    TIM_SetIC4Prescaler                      0x08001323   Thumb Code    78  air32f10x_tim.o(.text)
    TIM_SetIC3Prescaler                      0x080013f3   Thumb Code    18  air32f10x_tim.o(.text)
    TIM_SetIC2Prescaler                      0x0800147f   Thumb Code    26  air32f10x_tim.o(.text)
    TIM_SetIC1Prescaler                      0x0800151b   Thumb Code    18  air32f10x_tim.o(.text)
    TIM_ICInit                               0x08001599   Thumb Code   150  air32f10x_tim.o(.text)
    TIM_PWMIConfig                           0x0800162f   Thumb Code   124  air32f10x_tim.o(.text)
    TIM_BDTRConfig                           0x080016ab   Thumb Code    32  air32f10x_tim.o(.text)
    TIM_TimeBaseStructInit                   0x080016cb   Thumb Code    18  air32f10x_tim.o(.text)
    TIM_OCStructInit                         0x080016dd   Thumb Code    20  air32f10x_tim.o(.text)
    TIM_ICStructInit                         0x080016f1   Thumb Code    18  air32f10x_tim.o(.text)
    TIM_BDTRStructInit                       0x08001703   Thumb Code    18  air32f10x_tim.o(.text)
    TIM_Cmd                                  0x08001715   Thumb Code    24  air32f10x_tim.o(.text)
    TIM_CtrlPWMOutputs                       0x0800172d   Thumb Code    30  air32f10x_tim.o(.text)
    TIM_ITConfig                             0x0800174b   Thumb Code    18  air32f10x_tim.o(.text)
    TIM_GenerateEvent                        0x0800175d   Thumb Code     4  air32f10x_tim.o(.text)
    TIM_DMAConfig                            0x08001761   Thumb Code    10  air32f10x_tim.o(.text)
    TIM_DMACmd                               0x0800176b   Thumb Code    18  air32f10x_tim.o(.text)
    TIM_InternalClockConfig                  0x0800177d   Thumb Code    32  air32f10x_tim.o(.text)
    TIM_SelectInputTrigger                   0x0800179d   Thumb Code    18  air32f10x_tim.o(.text)
    TIM_ITRxExternalClockConfig              0x080017af   Thumb Code    24  air32f10x_tim.o(.text)
    TIM_TIxExternalClockConfig               0x080017c7   Thumb Code    62  air32f10x_tim.o(.text)
    TIM_ETRConfig                            0x08001805   Thumb Code    28  air32f10x_tim.o(.text)
    TIM_ETRClockMode1Config                  0x08001821   Thumb Code    54  air32f10x_tim.o(.text)
    TIM_ETRClockMode2Config                  0x08001857   Thumb Code    32  air32f10x_tim.o(.text)
    TIM_PrescalerConfig                      0x08001877   Thumb Code     6  air32f10x_tim.o(.text)
    TIM_CounterModeConfig                    0x0800187d   Thumb Code    18  air32f10x_tim.o(.text)
    TIM_EncoderInterfaceConfig               0x0800188f   Thumb Code    66  air32f10x_tim.o(.text)
    TIM_ForcedOC1Config                      0x080018d1   Thumb Code    18  air32f10x_tim.o(.text)
    TIM_ForcedOC2Config                      0x080018e3   Thumb Code    26  air32f10x_tim.o(.text)
    TIM_ForcedOC3Config                      0x080018fd   Thumb Code    18  air32f10x_tim.o(.text)
    TIM_ForcedOC4Config                      0x0800190f   Thumb Code    26  air32f10x_tim.o(.text)
    TIM_ARRPreloadConfig                     0x08001929   Thumb Code    24  air32f10x_tim.o(.text)
    TIM_SelectCOM                            0x08001941   Thumb Code    24  air32f10x_tim.o(.text)
    TIM_SelectCCDMA                          0x08001959   Thumb Code    24  air32f10x_tim.o(.text)
    TIM_CCPreloadControl                     0x08001971   Thumb Code    24  air32f10x_tim.o(.text)
    TIM_OC1PreloadConfig                     0x08001989   Thumb Code    18  air32f10x_tim.o(.text)
    TIM_OC2PreloadConfig                     0x0800199b   Thumb Code    26  air32f10x_tim.o(.text)
    TIM_OC3PreloadConfig                     0x080019b5   Thumb Code    18  air32f10x_tim.o(.text)
    TIM_OC4PreloadConfig                     0x080019c7   Thumb Code    26  air32f10x_tim.o(.text)
    TIM_OC1FastConfig                        0x080019e1   Thumb Code    18  air32f10x_tim.o(.text)
    TIM_OC2FastConfig                        0x080019f3   Thumb Code    26  air32f10x_tim.o(.text)
    TIM_OC3FastConfig                        0x08001a0d   Thumb Code    18  air32f10x_tim.o(.text)
    TIM_OC4FastConfig                        0x08001a1f   Thumb Code    26  air32f10x_tim.o(.text)
    TIM_ClearOC1Ref                          0x08001a39   Thumb Code    18  air32f10x_tim.o(.text)
    TIM_ClearOC2Ref                          0x08001a4b   Thumb Code    24  air32f10x_tim.o(.text)
    TIM_ClearOC3Ref                          0x08001a63   Thumb Code    18  air32f10x_tim.o(.text)
    TIM_ClearOC4Ref                          0x08001a75   Thumb Code    24  air32f10x_tim.o(.text)
    TIM_OC1PolarityConfig                    0x08001a8d   Thumb Code    18  air32f10x_tim.o(.text)
    TIM_OC1NPolarityConfig                   0x08001a9f   Thumb Code    18  air32f10x_tim.o(.text)
    TIM_OC2PolarityConfig                    0x08001ab1   Thumb Code    26  air32f10x_tim.o(.text)
    TIM_OC2NPolarityConfig                   0x08001acb   Thumb Code    26  air32f10x_tim.o(.text)
    TIM_OC3PolarityConfig                    0x08001ae5   Thumb Code    26  air32f10x_tim.o(.text)
    TIM_OC3NPolarityConfig                   0x08001aff   Thumb Code    26  air32f10x_tim.o(.text)
    TIM_OC4PolarityConfig                    0x08001b19   Thumb Code    26  air32f10x_tim.o(.text)
    TIM_CCxCmd                               0x08001b33   Thumb Code    30  air32f10x_tim.o(.text)
    TIM_CCxNCmd                              0x08001b51   Thumb Code    30  air32f10x_tim.o(.text)
    TIM_SelectOCxM                           0x08001b6f   Thumb Code    82  air32f10x_tim.o(.text)
    TIM_UpdateDisableConfig                  0x08001bc1   Thumb Code    24  air32f10x_tim.o(.text)
    TIM_UpdateRequestConfig                  0x08001bd9   Thumb Code    24  air32f10x_tim.o(.text)
    TIM_SelectHallSensor                     0x08001bf1   Thumb Code    24  air32f10x_tim.o(.text)
    TIM_SelectOnePulseMode                   0x08001c09   Thumb Code    18  air32f10x_tim.o(.text)
    TIM_SelectOutputTrigger                  0x08001c1b   Thumb Code    18  air32f10x_tim.o(.text)
    TIM_SelectSlaveMode                      0x08001c2d   Thumb Code    18  air32f10x_tim.o(.text)
    TIM_SelectMasterSlaveMode                0x08001c3f   Thumb Code    18  air32f10x_tim.o(.text)
    TIM_SetCounter                           0x08001c51   Thumb Code     4  air32f10x_tim.o(.text)
    TIM_SetAutoreload                        0x08001c55   Thumb Code     4  air32f10x_tim.o(.text)
    TIM_SetCompare1                          0x08001c59   Thumb Code     4  air32f10x_tim.o(.text)
    TIM_SetCompare2                          0x08001c5d   Thumb Code     4  air32f10x_tim.o(.text)
    TIM_SetCompare3                          0x08001c61   Thumb Code     4  air32f10x_tim.o(.text)
    TIM_SetCompare4                          0x08001c65   Thumb Code     6  air32f10x_tim.o(.text)
    TIM_SetClockDivision                     0x08001c6b   Thumb Code    18  air32f10x_tim.o(.text)
    TIM_GetCapture1                          0x08001c7d   Thumb Code     6  air32f10x_tim.o(.text)
    TIM_GetCapture2                          0x08001c83   Thumb Code     6  air32f10x_tim.o(.text)
    TIM_GetCapture3                          0x08001c89   Thumb Code     6  air32f10x_tim.o(.text)
    TIM_GetCapture4                          0x08001c8f   Thumb Code     8  air32f10x_tim.o(.text)
    TIM_GetCounter                           0x08001c97   Thumb Code     6  air32f10x_tim.o(.text)
    TIM_GetPrescaler                         0x08001c9d   Thumb Code     6  air32f10x_tim.o(.text)
    TIM_GetFlagStatus                        0x08001ca3   Thumb Code    18  air32f10x_tim.o(.text)
    TIM_ClearFlag                            0x08001cb5   Thumb Code     6  air32f10x_tim.o(.text)
    TIM_GetITStatus                          0x08001cbb   Thumb Code    34  air32f10x_tim.o(.text)
    TIM_ClearITPendingBit                    0x08001cdd   Thumb Code     6  air32f10x_tim.o(.text)
    USART_DeInit                             0x08001ce5   Thumb Code   134  air32f10x_usart.o(.text)
    USART_Init                               0x08001d6b   Thumb Code   230  air32f10x_usart.o(.text)
    USART_StructInit                         0x08001e51   Thumb Code    24  air32f10x_usart.o(.text)
    USART_ClockInit                          0x08001e69   Thumb Code    34  air32f10x_usart.o(.text)
    USART_ClockStructInit                    0x08001e8b   Thumb Code    12  air32f10x_usart.o(.text)
    USART_Cmd                                0x08001e97   Thumb Code    24  air32f10x_usart.o(.text)
    USART_ITConfig                           0x08001eaf   Thumb Code    74  air32f10x_usart.o(.text)
    USART_DMACmd                             0x08001ef9   Thumb Code    18  air32f10x_usart.o(.text)
    USART_SetAddress                         0x08001f0b   Thumb Code    18  air32f10x_usart.o(.text)
    USART_WakeUpConfig                       0x08001f1d   Thumb Code    18  air32f10x_usart.o(.text)
    USART_ReceiverWakeUpCmd                  0x08001f2f   Thumb Code    24  air32f10x_usart.o(.text)
    USART_LINBreakDetectLengthConfig         0x08001f47   Thumb Code    18  air32f10x_usart.o(.text)
    USART_LINCmd                             0x08001f59   Thumb Code    24  air32f10x_usart.o(.text)
    USART_SendData                           0x08001f71   Thumb Code     8  air32f10x_usart.o(.text)
    USART_ReceiveData                        0x08001f79   Thumb Code    10  air32f10x_usart.o(.text)
    USART_SendBreak                          0x08001f83   Thumb Code    10  air32f10x_usart.o(.text)
    USART_SetGuardTime                       0x08001f8d   Thumb Code    16  air32f10x_usart.o(.text)
    USART_SetPrescaler                       0x08001f9d   Thumb Code    16  air32f10x_usart.o(.text)
    USART_SmartCardCmd                       0x08001fad   Thumb Code    24  air32f10x_usart.o(.text)
    USART_SmartCardNACKCmd                   0x08001fc5   Thumb Code    24  air32f10x_usart.o(.text)
    USART_HalfDuplexCmd                      0x08001fdd   Thumb Code    24  air32f10x_usart.o(.text)
    USART_OverSampling8Cmd                   0x08001ff5   Thumb Code    22  air32f10x_usart.o(.text)
    USART_OneBitMethodCmd                    0x0800200b   Thumb Code    24  air32f10x_usart.o(.text)
    USART_IrDAConfig                         0x08002023   Thumb Code    18  air32f10x_usart.o(.text)
    USART_IrDACmd                            0x08002035   Thumb Code    24  air32f10x_usart.o(.text)
    USART_GetFlagStatus                      0x0800204d   Thumb Code    26  air32f10x_usart.o(.text)
    USART_ClearFlag                          0x08002067   Thumb Code    18  air32f10x_usart.o(.text)
    USART_GetITStatus                        0x08002079   Thumb Code   104  air32f10x_usart.o(.text)
    USART_ClearITPendingBit                  0x080020e1   Thumb Code    30  air32f10x_usart.o(.text)
    STEP_MOTOR_Init                          0x08002101   Thumb Code   112  step_motor.o(.text)
    STEP_MOTOR_OFF                           0x08002171   Thumb Code    12  step_motor.o(.text)
    STEP_MOTOR_8A                            0x0800217d   Thumb Code   182  step_motor.o(.text)
    STEP_MOTOR_NUM                           0x08002233   Thumb Code    86  step_motor.o(.text)
    STEP_MOTOR_LOOP                          0x08002289   Thumb Code    34  step_motor.o(.text)
    TIM3_Configuration                       0x080022b5   Thumb Code    94  tim3.o(.text)
    TIM3_IRQHandler                          0x08002313   Thumb Code    30  tim3.o(.text)
    UART1_Configuration                      0x0800233d   Thumb Code   122  uart1.o(.text)
    SER_PutChar                              0x080023b7   Thumb Code    34  uart1.o(.text)
    fputc                                    0x080023d9   Thumb Code    24  uart1.o(.text)
    __aeabi_fdiv                             0x080023f9   Thumb Code   124  fdiv.o(.text)
    __aeabi_ui2f                             0x08002475   Thumb Code    10  ffltui.o(.text)
    __aeabi_f2d                              0x0800247f   Thumb Code    38  f2d.o(.text)
    __aeabi_uidiv                            0x080024a5   Thumb Code     0  uidiv.o(.text)
    __aeabi_uidivmod                         0x080024a5   Thumb Code    44  uidiv.o(.text)
    __aeabi_uldivmod                         0x080024d1   Thumb Code    98  uldiv.o(.text)
    __I$use$fp                               0x08002533   Thumb Code     0  iusefp.o(.text)
    _float_round                             0x08002533   Thumb Code    18  fepilogue.o(.text)
    _float_epilogue                          0x08002545   Thumb Code    92  fepilogue.o(.text)
    __aeabi_dadd                             0x080025a1   Thumb Code   322  dadd.o(.text)
    __aeabi_dsub                             0x080026e3   Thumb Code     6  dadd.o(.text)
    __aeabi_drsub                            0x080026e9   Thumb Code     6  dadd.o(.text)
    __aeabi_dmul                             0x080026ef   Thumb Code   228  dmul.o(.text)
    __aeabi_ddiv                             0x080027d3   Thumb Code   222  ddiv.o(.text)
    __aeabi_d2ulz                            0x080028b1   Thumb Code    48  dfixul.o(.text)
    __aeabi_cdrcmple                         0x080028e1   Thumb Code    48  cdrcmple.o(.text)
    __scatterload                            0x08002911   Thumb Code    28  init.o(.text)
    __scatterload_rt2                        0x08002911   Thumb Code     0  init.o(.text)
    __aeabi_llsl                             0x08002935   Thumb Code    30  llshl.o(.text)
    _ll_shift_l                              0x08002935   Thumb Code     0  llshl.o(.text)
    __aeabi_llsr                             0x08002953   Thumb Code    32  llushr.o(.text)
    _ll_ushift_r                             0x08002953   Thumb Code     0  llushr.o(.text)
    __aeabi_lasr                             0x08002973   Thumb Code    36  llsshr.o(.text)
    _ll_sshift_r                             0x08002973   Thumb Code     0  llsshr.o(.text)
    _double_round                            0x08002997   Thumb Code    30  depilogue.o(.text)
    _double_epilogue                         0x080029b5   Thumb Code   156  depilogue.o(.text)
    __0printf                                0x08002a51   Thumb Code    22  printfa.o(i.__0printf)
    __1printf                                0x08002a51   Thumb Code     0  printfa.o(i.__0printf)
    __2printf                                0x08002a51   Thumb Code     0  printfa.o(i.__0printf)
    __c89printf                              0x08002a51   Thumb Code     0  printfa.o(i.__0printf)
    printf                                   0x08002a51   Thumb Code     0  printfa.o(i.__0printf)
    __scatterload_copy                       0x08002a71   Thumb Code    14  handlers.o(i.__scatterload_copy)
    __scatterload_null                       0x08002a7f   Thumb Code     2  handlers.o(i.__scatterload_null)
    __scatterload_zeroinit                   0x08002a81   Thumb Code    14  handlers.o(i.__scatterload_zeroinit)
    Region$$Table$$Base                      0x08003384   Number         0  anon$$obj.o(Region$$Table)
    Region$$Table$$Limit                     0x080033a4   Number         0  anon$$obj.o(Region$$Table)
    SystemCoreClock                          0x20000000   Data           4  system_air32f10x.o(.data)
    AHBPrescTable                            0x20000004   Data          16  system_air32f10x.o(.data)
    STEP                                     0x20000033   Data           1  step_motor.o(.data)
    USART_TEST                               0x20000034   Data           4  uart1.o(.data)
    __stdout                                 0x20000038   Data           4  stdout.o(.data)
    clocks                                   0x2000003c   Data          20  main.o(.bss)
    __initial_sp                             0x20001050   Data           0  startup_air32f10x.o(STACK)



==============================================================================

Memory Map of the image

  Image Entry point : 0x08000221

  Load Region LR_IROM1 (Base: 0x08000000, Size: 0x000033e0, Max: 0x00020000, ABSOLUTE)

    Execution Region ER_IROM1 (Exec base: 0x08000000, Load base: 0x08000000, Size: 0x000033a4, Max: 0x00020000, ABSOLUTE)

    Exec Addr    Load Addr    Size         Type   Attr      Idx    E Section Name        Object

    0x08000000   0x08000000   0x00000220   Data   RO          245    RESET               startup_air32f10x.o
    0x08000220   0x08000220   0x00000000   Code   RO          731  * .ARM.Collect$$$$00000000  mc_w.l(entry.o)
    0x08000220   0x08000220   0x00000004   Code   RO         1001    .ARM.Collect$$$$00000001  mc_w.l(entry2.o)
    0x08000224   0x08000224   0x00000004   Code   RO         1004    .ARM.Collect$$$$00000004  mc_w.l(entry5.o)
    0x08000228   0x08000228   0x00000000   Code   RO         1006    .ARM.Collect$$$$00000008  mc_w.l(entry7b.o)
    0x08000228   0x08000228   0x00000000   Code   RO         1008    .ARM.Collect$$$$0000000A  mc_w.l(entry8b.o)
    0x08000228   0x08000228   0x00000008   Code   RO         1009    .ARM.Collect$$$$0000000B  mc_w.l(entry9a.o)
    0x08000230   0x08000230   0x00000004   Code   RO         1016    .ARM.Collect$$$$0000000E  mc_w.l(entry12b.o)
    0x08000234   0x08000234   0x00000000   Code   RO         1011    .ARM.Collect$$$$0000000F  mc_w.l(entry10a.o)
    0x08000234   0x08000234   0x00000000   Code   RO         1013    .ARM.Collect$$$$00000011  mc_w.l(entry11a.o)
    0x08000234   0x08000234   0x00000004   Code   RO         1002    .ARM.Collect$$$$00002712  mc_w.l(entry2.o)
    0x08000238   0x08000238   0x000001ac   Code   RO            4    .text               main.o
    0x080003e4   0x080003e4   0x0000001a   Code   RO          163    .text               air32f10x_it.o
    0x080003fe   0x080003fe   0x00000002   PAD
    0x08000400   0x08000400   0x000001e0   Code   RO          190    .text               system_air32f10x.o
    0x080005e0   0x080005e0   0x000000fc   Code   RO          220    .text               delay.o
    0x080006dc   0x080006dc   0x0000002c   Code   RO          246    .text               startup_air32f10x.o
    0x08000708   0x08000708   0x000000dc   Code   RO          253    .text               misc.o
    0x080007e4   0x080007e4   0x00000384   Code   RO          425    .text               air32f10x_gpio.o
    0x08000b68   0x08000b68   0x000003e4   Code   RO          497    .text               air32f10x_rcc.o
    0x08000f4c   0x08000f4c   0x00000d96   Code   RO          571    .text               air32f10x_tim.o
    0x08001ce2   0x08001ce2   0x00000002   PAD
    0x08001ce4   0x08001ce4   0x0000041a   Code   RO          595    .text               air32f10x_usart.o
    0x080020fe   0x080020fe   0x00000002   PAD
    0x08002100   0x08002100   0x000001b4   Code   RO          643    .text               step_motor.o
    0x080022b4   0x080022b4   0x00000088   Code   RO          676    .text               tim3.o
    0x0800233c   0x0800233c   0x000000bc   Code   RO          707    .text               uart1.o
    0x080023f8   0x080023f8   0x0000007c   Code   RO          995    .text               mf_w.l(fdiv.o)
    0x08002474   0x08002474   0x0000000a   Code   RO          997    .text               mf_w.l(ffltui.o)
    0x0800247e   0x0800247e   0x00000026   Code   RO          999    .text               mf_w.l(f2d.o)
    0x080024a4   0x080024a4   0x0000002c   Code   RO         1018    .text               mc_w.l(uidiv.o)
    0x080024d0   0x080024d0   0x00000062   Code   RO         1020    .text               mc_w.l(uldiv.o)
    0x08002532   0x08002532   0x00000000   Code   RO         1022    .text               mc_w.l(iusefp.o)
    0x08002532   0x08002532   0x0000006e   Code   RO         1023    .text               mf_w.l(fepilogue.o)
    0x080025a0   0x080025a0   0x0000014e   Code   RO         1025    .text               mf_w.l(dadd.o)
    0x080026ee   0x080026ee   0x000000e4   Code   RO         1027    .text               mf_w.l(dmul.o)
    0x080027d2   0x080027d2   0x000000de   Code   RO         1029    .text               mf_w.l(ddiv.o)
    0x080028b0   0x080028b0   0x00000030   Code   RO         1031    .text               mf_w.l(dfixul.o)
    0x080028e0   0x080028e0   0x00000030   Code   RO         1033    .text               mf_w.l(cdrcmple.o)
    0x08002910   0x08002910   0x00000024   Code   RO         1035    .text               mc_w.l(init.o)
    0x08002934   0x08002934   0x0000001e   Code   RO         1037    .text               mc_w.l(llshl.o)
    0x08002952   0x08002952   0x00000020   Code   RO         1039    .text               mc_w.l(llushr.o)
    0x08002972   0x08002972   0x00000024   Code   RO         1041    .text               mc_w.l(llsshr.o)
    0x08002996   0x08002996   0x000000ba   Code   RO         1043    .text               mf_w.l(depilogue.o)
    0x08002a50   0x08002a50   0x00000020   Code   RO          967    i.__0printf         mc_w.l(printfa.o)
    0x08002a70   0x08002a70   0x0000000e   Code   RO         1047    i.__scatterload_copy  mc_w.l(handlers.o)
    0x08002a7e   0x08002a7e   0x00000002   Code   RO         1048    i.__scatterload_null  mc_w.l(handlers.o)
    0x08002a80   0x08002a80   0x0000000e   Code   RO         1049    i.__scatterload_zeroinit  mc_w.l(handlers.o)
    0x08002a8e   0x08002a8e   0x00000002   PAD
    0x08002a90   0x08002a90   0x00000184   Code   RO          974    i._fp_digits        mc_w.l(printfa.o)
    0x08002c14   0x08002c14   0x000006b4   Code   RO          975    i._printf_core      mc_w.l(printfa.o)
    0x080032c8   0x080032c8   0x00000024   Code   RO          976    i._printf_post_padding  mc_w.l(printfa.o)
    0x080032ec   0x080032ec   0x0000002e   Code   RO          977    i._printf_pre_padding  mc_w.l(printfa.o)
    0x0800331a   0x0800331a   0x00000010   Data   RO          677    .constdata          tim3.o
    0x0800332a   0x0800332a   0x00000002   PAD
    0x0800332c   0x0800332c   0x00000056   Data   RO            6    .conststring        main.o
    0x08003382   0x08003382   0x00000002   PAD
    0x08003384   0x08003384   0x00000020   Data   RO         1045    Region$$Table       anon$$obj.o


    Execution Region RW_IRAM1 (Exec base: 0x20000000, Load base: 0x080033a4, Size: 0x00001050, Max: 0x00008000, ABSOLUTE)

    Exec Addr    Load Addr    Size         Type   Attr      Idx    E Section Name        Object

    0x20000000   0x080033a4   0x00000014   Data   RW          191    .data               system_air32f10x.o
    0x20000014   0x080033b8   0x00000004   Data   RW          221    .data               delay.o
    0x20000018   0x080033bc   0x00000014   Data   RW          498    .data               air32f10x_rcc.o
    0x2000002c   0x080033d0   0x00000008   Data   RW          644    .data               step_motor.o
    0x20000034   0x080033d8   0x00000004   Data   RW          708    .data               uart1.o
    0x20000038   0x080033dc   0x00000004   Data   RW         1017    .data               mc_w.l(stdout.o)
    0x2000003c        -       0x00000014   Zero   RW            5    .bss                main.o
    0x20000050        -       0x00001000   Zero   RW          243    STACK               startup_air32f10x.o


==============================================================================

Image component sizes


      Code (inc. data)   RO Data    RW Data    ZI Data      Debug   Object Name

       900         38          0          0          0       6435   air32f10x_gpio.o
        26          0          0          0          0       1162   air32f10x_it.o
       996         44          0         20          0       8912   air32f10x_rcc.o
      3478         72          0          0          0      22756   air32f10x_tim.o
      1050         20          0          0          0       8456   air32f10x_usart.o
       252         12          0          4          0       1243   delay.o
       428         54         86          0         20     259610   main.o
       220         22          0          0          0       1801   misc.o
        44          8        544          0       4096        844   startup_air32f10x.o
       436         18          0          8          0       2469   step_motor.o
       480         38          0         20          0       1839   system_air32f10x.o
       136         12         16          0          0        713   tim3.o
       188          8          0          4          0       1525   uart1.o

    ----------------------------------------------------------------------
      8640        346        682         56       4116     317765   Object Totals
         0          0         32          0          0          0   (incl. Generated)
         6          0          4          0          0          0   (incl. Padding)

    ----------------------------------------------------------------------

      Code (inc. data)   RO Data    RW Data    ZI Data      Debug   Library Member Name

         0          0          0          0          0          0   entry.o
         0          0          0          0          0          0   entry10a.o
         0          0          0          0          0          0   entry11a.o
         4          0          0          0          0          0   entry12b.o
         8          4          0          0          0          0   entry2.o
         4          0          0          0          0          0   entry5.o
         0          0          0          0          0          0   entry7b.o
         0          0          0          0          0          0   entry8b.o
         8          4          0          0          0          0   entry9a.o
        30          0          0          0          0          0   handlers.o
        36          8          0          0          0         68   init.o
         0          0          0          0          0          0   iusefp.o
        30          0          0          0          0         68   llshl.o
        36          0          0          0          0         68   llsshr.o
        32          0          0          0          0         68   llushr.o
      2218         90          0          0          0        464   printfa.o
         0          0          0          4          0          0   stdout.o
        44          0          0          0          0         80   uidiv.o
        98          0          0          0          0         92   uldiv.o
        48          0          0          0          0         68   cdrcmple.o
       334          0          0          0          0        148   dadd.o
       222          0          0          0          0        100   ddiv.o
       186          0          0          0          0        176   depilogue.o
        48          0          0          0          0         68   dfixul.o
       228          0          0          0          0         96   dmul.o
        38          0          0          0          0         68   f2d.o
       124          0          0          0          0         88   fdiv.o
       110          0          0          0          0        168   fepilogue.o
        10          0          0          0          0         68   ffltui.o

    ----------------------------------------------------------------------
      3898        106          0          4          0       1956   Library Totals
         2          0          0          0          0          0   (incl. Padding)

    ----------------------------------------------------------------------

      Code (inc. data)   RO Data    RW Data    ZI Data      Debug   Library Name

      2548        106          0          4          0        908   mc_w.l
      1348          0          0          0          0       1048   mf_w.l

    ----------------------------------------------------------------------
      3898        106          0          4          0       1956   Library Totals

    ----------------------------------------------------------------------

==============================================================================


      Code (inc. data)   RO Data    RW Data    ZI Data      Debug   

     12538        452        682         60       4116     318001   Grand Totals
     12538        452        682         60       4116     318001   ELF Image Totals
     12538        452        682         60          0          0   ROM Totals

==============================================================================

    Total RO  Size (Code + RO Data)                13220 (  12.91kB)
    Total RW  Size (RW Data + ZI Data)              4176 (   4.08kB)
    Total ROM Size (Code + RO Data + RW Data)      13280 (  12.97kB)

==============================================================================

