<html>
<body>
<pre>
<h1>µVision Build Log</h1>
<h2>Tool Versions:</h2>
IDE-Version: ¦ÌVision V5.36.0.0
Copyright (C) 2021 ARM Ltd and ARM Germany GmbH. All rights reserved.
License Information: 233 233, No, LIC=LSNXV-P2K7D-Z9ZG9-455ZW-8ZHPI-D4W5W
 
Tool Versions:
Toolchain:       MDK-ARM Plus  Version: 5.36.0.0
Toolchain Path:  D:\Daily Application\MDK_keil5\core_keil5\ARM\ARMCC\Bin
C Compiler:      Armcc.exe V5.06 update 7 (build 960)
Assembler:       Armasm.exe V5.06 update 7 (build 960)
Linker/Locator:  ArmLink.exe V5.06 update 7 (build 960)
Library Manager: ArmAr.exe V5.06 update 7 (build 960)
Hex Converter:   FromElf.exe V5.06 update 7 (build 960)
CPU DLL:         SARMCM3.DLL V5.36.0.0
Dialog DLL:      DCM.DLL V1.17.3.0
Target DLL:      STLink\ST-LINKIII-KEIL_SWO.dll V3.0.9.0
Dialog DLL:      TCM.DLL V1.53.0.0
 
<h2>Project:</h2>
C:\Users\23841\Desktop\GPIO\GPIO_IOOut\USER\GPIO.uvprojx
Project File Date:  03/22/2023

<h2>Output:</h2>
*** Using Compiler 'V5.06 update 7 (build 960)', folder: 'D:\Daily Application\MDK_keil5\core_keil5\ARM\ARMCC\Bin'
Build target 'GPIO'
compiling step_motor.c...
..\HARDWARE\step_motor.h(38): warning:  #1-D: last line of file ends without a newline
  #endif
..\HARDWARE\step_motor.c(75): warning:  #940-D: missing return statement at end of non-void function "STEP_MOTOR_8A" 
  }
..\HARDWARE\step_motor.c(95): warning:  #1-D: last line of file ends without a newline
  }
..\HARDWARE\step_motor.c: 3 warnings, 0 errors
compiling TIM3.c...
..\HARDWARE\TIM3.h(13): warning:  #1-D: last line of file ends without a newline
   
..\HARDWARE\step_motor.h(38): warning:  #1-D: last line of file ends without a newline
  #endif
..\HARDWARE\uart1.h(21): warning:  #1-D: last line of file ends without a newline
  #endif  
..\USER\main.h(13): warning:  #1-D: last line of file ends without a newline
  #endif
..\HARDWARE\TIM3.c: 4 warnings, 0 errors
compiling main.c...
..\HARDWARE\step_motor.h(38): warning:  #1-D: last line of file ends without a newline
  #endif
..\HARDWARE\uart1.h(21): warning:  #1-D: last line of file ends without a newline
  #endif  
..\HARDWARE\TIM3.h(13): warning:  #1-D: last line of file ends without a newline
   
main.h(13): warning:  #1-D: last line of file ends without a newline
  #endif
main.c: 4 warnings, 0 errors
linking...
Program Size: Code=12538 RO-data=682 RW-data=60 ZI-data=4116  
FromELF: creating hex file...
"..\OBJ\GPIO.axf" - 0 Error(s), 11 Warning(s).

<h2>Software Packages used:</h2>

Package Vendor: Keil
                https://luatos.com/t/air32f103/Keil.AIR32F103_DFP.1.1.1.pack
                Keil.AIR32F103_DFP.1.1.1
                AirM2M AIR32F1 Series Device Support, Drivers

<h2>Collection of Component include folders:</h2>
  D:\Daily Application\MDK_keil5\Keil\AIR32F103_DFP\1.1.1\Device\Include

<h2>Collection of Component Files used:</h2>
Build Time Elapsed:  00:00:01
</pre>
</body>
</html>
